<html>
<body>
<pre>
<h1>µVision Build Log</h1>
<h2>Tool Versions:</h2>
IDE-Version: µVision V5.27.1.0
Copyright (C) 2019 ARM Ltd and ARM Germany GmbH. All rights reserved.
License Information: shihab mohammad, self, LIC=----
 
Tool Versions:
Toolchain:       MDK-Lite  Version: 5.27.1.0
Toolchain Path:  C:\Keil_v5\ARM\ARMCLANG\Bin
C Compiler:      ArmClang.exe V6.12
Assembler:       Armasm.exe V6.12
Linker/Locator:  ArmLink.exe V6.12
Library Manager: ArmAr.exe V6.12
Hex Converter:   FromElf.exe V6.12
CPU DLL:         SARMCM3.DLL V5.27.1.0
Dialog DLL:      DARMCM1.DLL V1.19.2.0
Target DLL:      STLink\ST-LINKIII-KEIL_SWO.dll V3.0.6.0
Dialog DLL:      TARMCM1.DLL V1.14.1.0
 
<h2>Project:</h2>
E:\Desk\project_work\Inside display and cvte control board\CVTE_2in1_RPS_LOGGER\CVTE_2in1_RPS_LOGGER_Firmware\Firmware_for_CVTE_2in1_RPS_LOGGER.uvprojx
Project File Date:  08/19/2025

<h2>Output:</h2>
*** Using Compiler 'V6.12', folder: 'C:\Keil_v5\ARM\ARMCLANG\Bin'
Build target 'Target 1'
compiling dispfnc.c...
linking...
Program Size: Code=9192 RO-data=352 RW-data=28 ZI-data=2752  
".\Objects\Firmware_for_CVTE_2in1_RPS_LOGGER.axf" - 0 Error(s), 0 Warning(s).

<h2>Software Packages used:</h2>

Package Vendor: ARM
                https://www.keil.com/pack/ARM.CMSIS.6.1.0.pack
                ARM.CMSIS.6.1.0
                CMSIS (Common Microcontroller Software Interface Standard)
   * Component: CORE Version: 6.1.0

Package Vendor: Keil
                https://www.keil.com/pack/Keil.STM32G0xx_DFP.1.5.0.pack
                Keil.STM32G0xx_DFP.1.5.0
                STMicroelectronics STM32G0 Series Device Support
   * Component: Startup Version: 1.4.2

<h2>Collection of Component include folders:</h2>
  .\RTE\_Target_1
  C:\Users\Shohanur\AppData\Local\Arm\Packs\ARM\CMSIS\6.1.0\CMSIS\Core\Include
  C:\Users\Shohanur\AppData\Local\Arm\Packs\Keil\STM32G0xx_DFP\1.5.0\Drivers\CMSIS\Device\ST\STM32G0xx\Include

<h2>Collection of Component Files used:</h2>

   * Component: ARM::CMSIS:CORE:6.1.0

   * Component: Keil::Device:Startup:1.4.2
      Source file:   MDK\Device\Source\ARM\STM32G0x0_DB_OPT.s
      Source file:   MDK\Device\Source\ARM\STM32G0x0_SB_OPT.s
      Include file:  Drivers\CMSIS\Device\ST\STM32G0xx\Include\stm32g0xx.h
      Source file:   Drivers\CMSIS\Device\ST\STM32G0xx\Source\Templates\arm\startup_stm32g030xx.s
      Source file:   Drivers\CMSIS\Device\ST\STM32G0xx\Source\Templates\system_stm32g0xx.c
Build Time Elapsed:  00:00:00
</pre>
</body>
</html>
