Component: ARM Compiler 6.12 Tool: armlink [5d624300]

==============================================================================

Section Cross References

    captouch.o(.ARM.exidx.text.I2C2_GPIO_Init) refers to captouch.o(.text.I2C2_GPIO_Init) for [Anonymous Symbol]
    captouch.o(.ARM.exidx.text.I2C2_Clock_Init) refers to captouch.o(.text.I2C2_Clock_Init) for [Anonymous Symbol]
    captouch.o(.ARM.exidx.text.I2C2_Config) refers to captouch.o(.text.I2C2_Config) for [Anonymous Symbol]
    captouch.o(.text.I2C2_Init) refers to captouch.o(.text.I2C2_GPIO_Init) for I2C2_GPIO_Init
    captouch.o(.text.I2C2_Init) refers to captouch.o(.text.I2C2_Clock_Init) for I2C2_Clock_Init
    captouch.o(.text.I2C2_Init) refers to captouch.o(.text.I2C2_Config) for I2C2_Config
    captouch.o(.ARM.exidx.text.I2C2_Init) refers to captouch.o(.text.I2C2_Init) for [Anonymous Symbol]
    captouch.o(.ARM.exidx.text.I2C2_TX_ADDR) refers to captouch.o(.text.I2C2_TX_ADDR) for [Anonymous Symbol]
    captouch.o(.ARM.exidx.text.I2C2_TX_ADDR_READ) refers to captouch.o(.text.I2C2_TX_ADDR_READ) for [Anonymous Symbol]
    captouch.o(.ARM.exidx.text.I2C2_Write_Register) refers to captouch.o(.text.I2C2_Write_Register) for [Anonymous Symbol]
    captouch.o(.text.CapTouch_Struct_Init) refers to captouch.o(.bss.CapTouch) for CapTouch
    captouch.o(.ARM.exidx.text.CapTouch_Struct_Init) refers to captouch.o(.text.CapTouch_Struct_Init) for [Anonymous Symbol]
    captouch.o(.text.I2C2_Read_Captouch_Sensors) refers to captouch.o(.text.I2C2_TX_ADDR) for I2C2_TX_ADDR
    captouch.o(.text.I2C2_Read_Captouch_Sensors) refers to captouch.o(.text.I2C2_TX_ADDR_READ) for I2C2_TX_ADDR_READ
    captouch.o(.text.I2C2_Read_Captouch_Sensors) refers to captouch.o(.bss.CapTouch) for CapTouch
    captouch.o(.ARM.exidx.text.I2C2_Read_Captouch_Sensors) refers to captouch.o(.text.I2C2_Read_Captouch_Sensors) for [Anonymous Symbol]
    captouch.o(.text.CapTouch_Response) refers to captouch.o(.bss.CapTouch) for CapTouch
    captouch.o(.text.CapTouch_Response) refers to captouch.o(.data.CapTouch_Pins) for CapTouch_Pins
    captouch.o(.ARM.exidx.text.CapTouch_Response) refers to captouch.o(.text.CapTouch_Response) for [Anonymous Symbol]
    captouch.o(.text.CapTouch_Check_Trigger) refers to captouch.o(.text.CapTouch_Response) for CapTouch_Response
    captouch.o(.text.CapTouch_Check_Trigger) refers to captouch.o(.bss.CapTouch) for CapTouch
    captouch.o(.ARM.exidx.text.CapTouch_Check_Trigger) refers to captouch.o(.text.CapTouch_Check_Trigger) for [Anonymous Symbol]
    captouch.o(.text.CapTouch_Check_Touch_Duration) refers to captouch.o(.text.CapTouch_Check_Trigger) for CapTouch_Check_Trigger
    captouch.o(.text.CapTouch_Check_Touch_Duration) refers to captouch.o(.bss.CapTouch) for CapTouch
    captouch.o(.ARM.exidx.text.CapTouch_Check_Touch_Duration) refers to captouch.o(.text.CapTouch_Check_Touch_Duration) for [Anonymous Symbol]
    captouch.o(.text.CapTouch_Scan_Sensors) refers to captouch.o(.text.I2C2_Read_Captouch_Sensors) for I2C2_Read_Captouch_Sensors
    captouch.o(.text.CapTouch_Scan_Sensors) refers to captouch.o(.text.CapTouch_Check_Touch_Duration) for CapTouch_Check_Touch_Duration
    captouch.o(.ARM.exidx.text.CapTouch_Scan_Sensors) refers to captouch.o(.text.CapTouch_Scan_Sensors) for [Anonymous Symbol]
    captouch.o(.text.CapTouch_Short_Pressed) refers to captouch.o(.bss.CapTouch) for CapTouch
    captouch.o(.ARM.exidx.text.CapTouch_Short_Pressed) refers to captouch.o(.text.CapTouch_Short_Pressed) for [Anonymous Symbol]
    captouch.o(.text.CapTouch_Long_Pressed) refers to captouch.o(.bss.CapTouch) for CapTouch
    captouch.o(.ARM.exidx.text.CapTouch_Long_Pressed) refers to captouch.o(.text.CapTouch_Long_Pressed) for [Anonymous Symbol]
    captouch.o(.text.CapTouch_Constant_Pressed) refers to captouch.o(.bss.CapTouch) for CapTouch
    captouch.o(.ARM.exidx.text.CapTouch_Constant_Pressed) refers to captouch.o(.text.CapTouch_Constant_Pressed) for [Anonymous Symbol]
    captouch.o(.text.CapTouch_Get_Touch_Duration) refers to captouch.o(.bss.CapTouch) for CapTouch
    captouch.o(.ARM.exidx.text.CapTouch_Get_Touch_Duration) refers to captouch.o(.text.CapTouch_Get_Touch_Duration) for [Anonymous Symbol]
    captouch.o(.text.CapTouch_Get_Touch_Response) refers to captouch.o(.bss.CapTouch) for CapTouch
    captouch.o(.ARM.exidx.text.CapTouch_Get_Touch_Response) refers to captouch.o(.text.CapTouch_Get_Touch_Response) for [Anonymous Symbol]
    captouch.o(.text.CapTouch_Get_Reference_Timer_Use_Flag) refers to captouch.o(.bss.CapTouch) for CapTouch
    captouch.o(.ARM.exidx.text.CapTouch_Get_Reference_Timer_Use_Flag) refers to captouch.o(.text.CapTouch_Get_Reference_Timer_Use_Flag) for [Anonymous Symbol]
    captouch.o(.text.CapTouch_Get_ErrorCode) refers to captouch.o(.bss.CapTouch) for CapTouch
    captouch.o(.ARM.exidx.text.CapTouch_Get_ErrorCode) refers to captouch.o(.text.CapTouch_Get_ErrorCode) for [Anonymous Symbol]
[...]
    .ARM.Collect$$libshutdown$$00000002      0x08000142   Section        0  libshutdown2.o(.ARM.Collect$$libshutdown$$00000002)
    .ARM.Collect$$libshutdown$$00000004      0x08000142   Section        0  libshutdown2.o(.ARM.Collect$$libshutdown$$00000004)
    .ARM.Collect$$libshutdown$$00000007      0x08000142   Section        0  libshutdown2.o(.ARM.Collect$$libshutdown$$00000007)
    .ARM.Collect$$libshutdown$$0000000A      0x08000142   Section        0  libshutdown2.o(.ARM.Collect$$libshutdown$$0000000A)
    .ARM.Collect$$libshutdown$$0000000C      0x08000142   Section        0  libshutdown2.o(.ARM.Collect$$libshutdown$$0000000C)
    .ARM.Collect$$libshutdown$$0000000F      0x08000142   Section        0  libshutdown2.o(.ARM.Collect$$libshutdown$$0000000F)
    .ARM.Collect$$libshutdown$$00000010      0x08000142   Section        2  libshutdown2.o(.ARM.Collect$$libshutdown$$00000010)
    .ARM.Collect$$rtentry$$00000000          0x08000144   Section        0  __rtentry.o(.ARM.Collect$$rtentry$$00000000)
    .ARM.Collect$$rtentry$$00000002          0x08000144   Section        0  __rtentry2.o(.ARM.Collect$$rtentry$$00000002)
    .ARM.Collect$$rtentry$$00000004          0x08000144   Section        6  __rtentry4.o(.ARM.Collect$$rtentry$$00000004)
    .ARM.Collect$$rtentry$$00000009          0x0800014a   Section        0  __rtentry2.o(.ARM.Collect$$rtentry$$00000009)
    .ARM.Collect$$rtentry$$0000000A          0x0800014a   Section        4  __rtentry2.o(.ARM.Collect$$rtentry$$0000000A)
    .ARM.Collect$$rtentry$$0000000C          0x0800014e   Section        0  __rtentry2.o(.ARM.Collect$$rtentry$$0000000C)
    .ARM.Collect$$rtentry$$0000000D          0x0800014e   Section        8  __rtentry2.o(.ARM.Collect$$rtentry$$0000000D)
    .ARM.Collect$$rtexit$$00000000           0x08000156   Section        2  rtexit.o(.ARM.Collect$$rtexit$$00000000)
    .ARM.Collect$$rtexit$$00000002           0x08000158   Section        0  rtexit2.o(.ARM.Collect$$rtexit$$00000002)
    .ARM.Collect$$rtexit$$00000003           0x08000158   Section        4  rtexit2.o(.ARM.Collect$$rtexit$$00000003)
    .ARM.Collect$$rtexit$$00000004           0x0800015c   Section        6  rtexit2.o(.ARM.Collect$$rtexit$$00000004)
    .text                                    0x08000164   Section       56  startup_stm32g030xx.o(.text)
    .text                                    0x0800019c   Section        0  rt_memclr.o(.text)
    .text                                    0x080001dc   Section      346  aeabi_sdiv.o(.text)
    .text                                    0x08000336   Section        0  heapauxi.o(.text)
    .text                                    0x0800033c   Section        0  ddiv.o(.text)
    .text                                    0x08000784   Section        0  dflti.o(.text)
    .text                                    0x080007dc   Section        0  dmul.o(.text)
    .text                                    0x08000a24   Section        0  dcmpin.o(.text)
    .text                                    0x08000ac4   Section       62  sys_stackheap_outer.o(.text)
    .text                                    0x08000b02   Section        0  exit.o(.text)
    .text                                    0x08000b12   Section        0  cmpret.o(.text)
    .text                                    0x08000b40   Section        0  dnan2.o(.text)
    .text                                    0x08000b54   Section        8  libspace.o(.text)
    .text                                    0x08000b5c   Section        0  retnan.o(.text)
    .text                                    0x08000bbc   Section        0  sys_exit.o(.text)
    .text                                    0x08000bc8   Section        2  use_no_semi.o(.text)
    [Anonymous Symbol]                       0x08000bca   Section        0  app.o(.text.App_Main_Loop)
    .text                                    0x08000bca   Section        0  indicate_semi.o(.text)
    [Anonymous Symbol]                       0x08000be2   Section        0  app.o(.text.App_Setup)
    [Anonymous Symbol]                       0x08000c10   Section        0  captouch.o(.text.CapTouch_Check_Touch_Duration)
    [Anonymous Symbol]                       0x08000c6c   Section        0  captouch.o(.text.CapTouch_Check_Trigger)
    [Anonymous Symbol]                       0x08000cac   Section        0  captouch.o(.text.CapTouch_Init)
    [Anonymous Symbol]                       0x08000cb8   Section        0  captouch.o(.text.CapTouch_Long_Pressed)
    __arm_cp.14_1                            0x08000ce0   Number         4  captouch.o(.text.CapTouch_Long_Pressed)
    [Anonymous Symbol]                       0x08000ce4   Section        0  captouch.o(.text.CapTouch_Response)
    __arm_cp.9_1                             0x08000d04   Number         4  captouch.o(.text.CapTouch_Response)
    [Anonymous Symbol]                       0x08000d08   Section        0  captouch.o(.text.CapTouch_Scan_Sensors)
    [Anonymous Symbol]                       0x08000d24   Section        0  captouch.o(.text.CapTouch_Short_Pressed)
    __arm_cp.13_1                            0x08000d48   Number         4  captouch.o(.text.CapTouch_Short_Pressed)
    [Anonymous Symbol]                       0x08000d4c   Section        0  captouch.o(.text.CapTouch_Struct_Init)
    __arm_cp.7_0                             0x08000d80   Number         4  captouch.o(.text.CapTouch_Struct_Init)
    [Anonymous Symbol]                       0x08000d84   Section        0  debug.o(.text.Debug_Determine_Digit_Numbers)
    [Anonymous Symbol]                       0x08000dc4   Section        0  debug.o(.text.Debug_GPIO_Init)
    [Anonymous Symbol]                       0x08000e40   Section        0  debug.o(.text.Debug_Init)
    [Anonymous Symbol]                       0x08000e58   Section        0  debug.o(.text.Debug_Reg_Init)
    __arm_cp.2_0                             0x08000eb0   Number         4  debug.o(.text.Debug_Reg_Init)
    __arm_cp.2_2                             0x08000eb4   Number         4  debug.o(.text.Debug_Reg_Init)
    __arm_cp.2_4                             0x08000eb8   Number         4  debug.o(.text.Debug_Reg_Init)
    [Anonymous Symbol]                       0x08000ebc   Section        0  debug.o(.text.Debug_Struct_Init)
    [Anonymous Symbol]                       0x08000ef0   Section        0  debug.o(.text.Debug_Timer_Init)
    __arm_cp.3_1                             0x08000f34   Number         4  debug.o(.text.Debug_Timer_Init)
    __arm_cp.3_2                             0x08000f38   Number         4  debug.o(.text.Debug_Timer_Init)
    __arm_cp.3_4                             0x08000f3c   Number         4  debug.o(.text.Debug_Timer_Init)
    [Anonymous Symbol]                       0x08000f40   Section        0  debug.o(.text.Debug_Tx_Byte)
    __arm_cp.11_0                            0x08000f54   Number         4  debug.o(.text.Debug_Tx_Byte)
    [Anonymous Symbol]                       0x08000f58   Section        0  debug.o(.text.Debug_Tx_NL)
    [Anonymous Symbol]                       0x08000f68   Section        0  debug.o(.text.Debug_Tx_Number)
    [Anonymous Symbol]                       0x08000f84   Section        0  debug.o(.text.Debug_Tx_Number_Digits)
    __arm_cp.23_0                            0x08000fa8   Number         4  debug.o(.text.Debug_Tx_Number_Digits)
    [Anonymous Symbol]                       0x08000fac   Section        0  debug.o(.text.Debug_Tx_Number_NL)
    [Anonymous Symbol]                       0x08000fb8   Section        0  debug.o(.text.Debug_Tx_Parameter_NL)
    [Anonymous Symbol]                       0x08000fcc   Section        0  debug.o(.text.Debug_Tx_SP)
    [Anonymous Symbol]                       0x08000fd6   Section        0  debug.o(.text.Debug_Tx_Text)
    [Anonymous Symbol]                       0x08000fee   Section        0  diag.o(.text.Diag_Handler)
    [Anonymous Symbol]                       0x08000ff0   Section        0  diag.o(.text.Diag_Init)
    [Anonymous Symbol]                       0x08000ff4   Section        0  dispcom.o(.text.DispCom_Buf_Flush)
    [Anonymous Symbol]                       0x08001010   Section        0  dispcom.o(.text.DispCom_Buf_Get)
    [Anonymous Symbol]                       0x08001018   Section        0  dispcom.o(.text.DispCom_CRC_Calculate_Block)
    [Anonymous Symbol]                       0x08001038   Section        0  dispcom.o(.text.DispCom_CRC_Calculate_Byte)
    __arm_cp.71_0                            0x08001058   Number         4  dispcom.o(.text.DispCom_CRC_Calculate_Byte)
    [Anonymous Symbol]                       0x0800105c   Section        0  dispcom.o(.text.DispCom_Config_BAUD_Rate)
    __arm_cp.4_1                             0x0800107c   Number         4  dispcom.o(.text.DispCom_Config_BAUD_Rate)
    [Anonymous Symbol]                       0x08001080   Section        0  dispcom.o(.text.DispCom_Config_GPIO)
    __arm_cp.2_0                             0x080010bc   Number         4  dispcom.o(.text.DispCom_Config_GPIO)
    __arm_cp.2_1                             0x080010c0   Number         4  dispcom.o(.text.DispCom_Config_GPIO)
    [Anonymous Symbol]                       0x080010c4   Section        0  dispcom.o(.text.DispCom_Config_Rx)
    [Anonymous Symbol]                       0x080010e0   Section        0  dispcom.o(.text.DispCom_Config_Rx_Interrupt)
    __arm_cp.7_1                             0x08001100   Number         4  dispcom.o(.text.DispCom_Config_Rx_Interrupt)
    __arm_cp.7_2                             0x08001104   Number         4  dispcom.o(.text.DispCom_Config_Rx_Interrupt)
    [Anonymous Symbol]                       0x08001108   Section        0  dispcom.o(.text.DispCom_Config_Tx)
    __arm_cp.5_0                             0x08001124   Number         4  dispcom.o(.text.DispCom_Config_Tx)
    [Anonymous Symbol]                       0x08001128   Section        0  dispcom.o(.text.DispCom_Data_Available)
    [Anonymous Symbol]                       0x08001130   Section        0  dispcom.o(.text.DispCom_ISR_Handler)
    __arm_cp.12_0                            0x08001184   Number         4  dispcom.o(.text.DispCom_ISR_Handler)
    [Anonymous Symbol]                       0x08001188   Section        0  dispcom.o(.text.DispCom_Init)
    __arm_cp.73_1                            0x080011dc   Number         4  dispcom.o(.text.DispCom_Init)
    [Anonymous Symbol]                       0x080011e0   Section        0  dispcom.o(.text.DispCom_RX_Packet_CRC_Check)
    [Anonymous Symbol]                       0x08001230   Section        0  dispcom.o(.text.DispCom_RX_Packet_Read_Complete)
    [Anonymous Symbol]                       0x08001248   Section        0  dispcom.o(.text.DispCom_Struct_Init)
    [Anonymous Symbol]                       0x08001284   Section        0  dispcom.o(.text.DispCom_Timer_ISR_Handler)
    __arm_cp.22_0                            0x080012e0   Number         4  dispcom.o(.text.DispCom_Timer_ISR_Handler)
    __arm_cp.22_1                            0x080012e4   Number         4  dispcom.o(.text.DispCom_Timer_ISR_Handler)
    [Anonymous Symbol]                       0x080012e8   Section        0  dispcom.o(.text.DispCom_Timer_Init)
    __arm_cp.14_0                            0x0800131c   Number         4  dispcom.o(.text.DispCom_Timer_Init)
    __arm_cp.14_1                            0x08001320   Number         4  dispcom.o(.text.DispCom_Timer_Init)
    __arm_cp.14_2                            0x08001324   Number         4  dispcom.o(.text.DispCom_Timer_Init)
    __arm_cp.14_3                            0x08001328   Number         4  dispcom.o(.text.DispCom_Timer_Init)
    __arm_cp.14_4                            0x0800132c   Number         4  dispcom.o(.text.DispCom_Timer_Init)
    [Anonymous Symbol]                       0x08001330   Section        0  dispcom.o(.text.DispCom_Tx_Buf)
    [Anonymous Symbol]                       0x0800134c   Section        0  dispcom.o(.text.DispCom_Tx_Byte)
    __arm_cp.9_0                             0x08001360   Number         4  dispcom.o(.text.DispCom_Tx_Byte)
    [Anonymous Symbol]                       0x08001364   Section        0  dispfnc.o(.text.Dispfnc_Display_Error_Mode_Print_Funtions)
    [Anonymous Symbol]                       0x0800137c   Section        0  dispfnc.o(.text.Dispfnc_Display_Normal_Mode_Print_Funtions)
    [Anonymous Symbol]                       0x080013a0   Section        0  dispfnc.o(.text.Dispfnc_Display_Print_Funtions)
    [Anonymous Symbol]                       0x080013b8   Section        0  dispfnc.o(.text.Dispfnc_Display_Repeated_Init)
    [Anonymous Symbol]                       0x080013e8   Section        0  dispfnc.o(.text.Dispfnc_Display_Repeated_Init_Timer_Init)
    [Anonymous Symbol]                       0x080013f4   Section        0  dispfnc.o(.text.Dispfnc_Get_Realspeed_RPS)
    [Anonymous Symbol]                       0x08001404   Section        0  dispfnc.o(.text.Dispfnc_Get_Rx_Packet_Error)
    [Anonymous Symbol]                       0x08001418   Section        0  dispfnc.o(.text.Dispfnc_Handler)
    __arm_cp.26_0                            0x08001434   Number         4  dispfnc.o(.text.Dispfnc_Handler)
    [Anonymous Symbol]                       0x0800144c   Section        0  dispfnc.o(.text.Dispfnc_Ind_LEDS_Off)
    [Anonymous Symbol]                       0x08001464   Section        0  dispfnc.o(.text.Dispfnc_Ind_LEDS_On)
    [Anonymous Symbol]                       0x08001498   Section        0  dispfnc.o(.text.Dispfnc_Ind_LEDS_Toggle)
    [Anonymous Symbol]                       0x080014b0   Section        0  dispfnc.o(.text.Dispfnc_Ind_Led_Time_Handler)
    __arm_cp.9_1                             0x080015a0   Number         4  dispfnc.o(.text.Dispfnc_Ind_Led_Time_Handler)
    __arm_cp.9_2                             0x080015a4   Number         4  dispfnc.o(.text.Dispfnc_Ind_Led_Time_Handler)
    __arm_cp.9_3                             0x080015a8   Number         4  dispfnc.o(.text.Dispfnc_Ind_Led_Time_Handler)
    [Anonymous Symbol]                       0x080015ac   Section        0  dispfnc.o(.text.Dispfnc_Init)
    [Anonymous Symbol]                       0x080015d4   Section        0  dispfnc.o(.text.Dispfnc_Led_Ind_Neg_Led_Set)
    [Anonymous Symbol]                       0x080015e0   Section        0  dispfnc.o(.text.Dispfnc_Led_Ind_RPS_Dec)
    [Anonymous Symbol]                       0x080015ec   Section        0  dispfnc.o(.text.Dispfnc_Led_Ind_RPS_Inc)
    [Anonymous Symbol]                       0x080015f8   Section        0  dispfnc.o(.text.Dispfnc_Left_Side_LEDs)
    [Anonymous Symbol]                       0x08001614   Section        0  dispfnc.o(.text.Dispfnc_Print_Number)
    [Anonymous Symbol]                       0x08001634   Section        0  dispfnc.o(.text.Dispfnc_RPS_Print_And_LED_Handler)
    [Anonymous Symbol]                       0x08001660   Section        0  dispfnc.o(.text.Dispfnc_Right_Side_LEDs)
    __arm_cp.4_0                             0x0800167c   Number         4  dispfnc.o(.text.Dispfnc_Right_Side_LEDs)
    [Anonymous Symbol]                       0x08001680   Section        0  dispfnc.o(.text.Dispfnc_Set_RPS_Handler)
    [Anonymous Symbol]                       0x080016cc   Section        0  dispfnc.o(.text.Dispfnc_Set_Rx_Packet_Timer)
    __arm_cp.20_0                            0x080016e0   Number         4  dispfnc.o(.text.Dispfnc_Set_Rx_Packet_Timer)
    [Anonymous Symbol]                       0x080016e4   Section        0  dispfnc.o(.text.Dispfnc_Tx_Rx_Handler)
    [Anonymous Symbol]                       0x08001710   Section        0  display.o(.text.Display_Data_Struct_Init)
    __arm_cp.0_1                             0x0800173c   Number         4  display.o(.text.Display_Data_Struct_Init)
    [Anonymous Symbol]                       0x08001740   Section        0  display.o(.text.Display_Init)
    [Anonymous Symbol]                       0x0800174c   Section        0  display.o(.text.Display_RxData_CmdSpeed_Get)
    [Anonymous Symbol]                       0x08001754   Section        0  display.o(.text.Display_RxData_RealSpeed_Get)
    [Anonymous Symbol]                       0x0800175c   Section        0  display.o(.text.Display_RxData_Update_Buf)
    __arm_cp.11_0                            0x0800183c   Number         4  display.o(.text.Display_RxData_Update_Buf)
    [Anonymous Symbol]                       0x08001840   Section        0  display.o(.text.Display_TxData_CmdSpeed_Set)
    [Anonymous Symbol]                       0x08001848   Section        0  display.o(.text.Display_TxData_Handler)
    [Anonymous Symbol]                       0x0800185c   Section        0  display.o(.text.Display_TxData_Update_Buf)
    __arm_cp.1_0                             0x080018d4   Number         4  display.o(.text.Display_TxData_Update_Buf)
    [Anonymous Symbol]                       0x080018d8   Section        0  captouch.o(.text.I2C2_Clock_Init)
    __arm_cp.1_0                             0x080018f8   Number         4  captouch.o(.text.I2C2_Clock_Init)
    [Anonymous Symbol]                       0x080018fc   Section        0  captouch.o(.text.I2C2_Config)
    __arm_cp.2_0                             0x08001934   Number         4  captouch.o(.text.I2C2_Config)
    [Anonymous Symbol]                       0x08001938   Section        0  captouch.o(.text.I2C2_GPIO_Init)
    __arm_cp.0_1                             0x080019c4   Number         4  captouch.o(.text.I2C2_GPIO_Init)
    __arm_cp.0_2                             0x080019c8   Number         4  captouch.o(.text.I2C2_GPIO_Init)
    [Anonymous Symbol]                       0x080019cc   Section        0  captouch.o(.text.I2C2_Init)
    [Anonymous Symbol]                       0x080019dc   Section        0  captouch.o(.text.I2C2_Read_Captouch_Sensors)
    __arm_cp.8_0                             0x080019fc   Number         4  captouch.o(.text.I2C2_Read_Captouch_Sensors)
    __arm_cp.8_1                             0x08001a00   Number         4  captouch.o(.text.I2C2_Read_Captouch_Sensors)
    [Anonymous Symbol]                       0x08001a04   Section        0  captouch.o(.text.I2C2_TX_ADDR)
    __arm_cp.4_0                             0x08001a30   Number         4  captouch.o(.text.I2C2_TX_ADDR)
    [Anonymous Symbol]                       0x08001a34   Section        0  captouch.o(.text.I2C2_TX_ADDR_READ)
    __arm_cp.5_0                             0x08001a60   Number         4  captouch.o(.text.I2C2_TX_ADDR_READ)
    __arm_cp.5_1                             0x08001a64   Number         4  captouch.o(.text.I2C2_TX_ADDR_READ)
    [Anonymous Symbol]                       0x08001a68   Section        0  system_stm32g0xx.o(.text.SystemInit)
    [Anonymous Symbol]                       0x08001a6c   Section        0  debug.o(.text.TIM14_IRQHandler)
    __arm_cp.9_0                             0x08001aa0   Number         4  debug.o(.text.TIM14_IRQHandler)
    __arm_cp.9_1                             0x08001aa4   Number         4  debug.o(.text.TIM14_IRQHandler)
    [Anonymous Symbol]                       0x08001aa8   Section        0  dispcom.o(.text.TIM16_IRQHandler)
    [Anonymous Symbol]                       0x08001ab0   Section        0  timebase.o(.text.TIM17_IRQHandler)
    __arm_cp.5_0                             0x08001ac4   Number         4  timebase.o(.text.TIM17_IRQHandler)
    [Anonymous Symbol]                       0x08001ac8   Section        0  tm1650.o(.text.TM1650_Ack_Get_With_Timeout)
    [Anonymous Symbol]                       0x08001b20   Section        0  tm1650.o(.text.TM1650_Bit_Delay)
    [Anonymous Symbol]                       0x08001b2e   Section        0  tm1650.o(.text.TM1650_Clear_Display)
    [Anonymous Symbol]                       0x08001b44   Section        0  tm1650.o(.text.TM1650_Display_Print_CE)
    [Anonymous Symbol]                       0x08001b58   Section        0  tm1650.o(.text.TM1650_Display_Print_Num_Unsigned)
    [Anonymous Symbol]                       0x08001b88   Section        0  tm1650.o(.text.TM1650_Display_Set_State_LED)
    [Anonymous Symbol]                       0x08001ba4   Section        0  tm1650.o(.text.TM1650_Display_Set_State_LED1_LED8)
    [Anonymous Symbol]                       0x08001be4   Section        0  tm1650.o(.text.TM1650_Display_Set_State_LED9_LED10)
    __arm_cp.49_0                            0x08001c24   Number         4  tm1650.o(.text.TM1650_Display_Set_State_LED9_LED10)
    [Anonymous Symbol]                       0x08001c28   Section        0  tm1650.o(.text.TM1650_Display_Write_Dig1)
    [Anonymous Symbol]                       0x08001c34   Section        0  tm1650.o(.text.TM1650_Display_Write_Dig2)
    [Anonymous Symbol]                       0x08001c40   Section        0  tm1650.o(.text.TM1650_Display_Write_Dig3)
    [Anonymous Symbol]                       0x08001c4c   Section        0  tm1650.o(.text.TM1650_Display_Write_Dig4)
    [Anonymous Symbol]                       0x08001c58   Section        0  tm1650.o(.text.TM1650_GPIO_Init)
    __arm_cp.1_0                             0x08001cb8   Number         4  tm1650.o(.text.TM1650_GPIO_Init)
    __arm_cp.1_1                             0x08001cbc   Number         4  tm1650.o(.text.TM1650_GPIO_Init)
    [Anonymous Symbol]                       0x08001cc0   Section        0  tm1650.o(.text.TM1650_Init)
    [Anonymous Symbol]                       0x08001cd8   Section        0  tm1650.o(.text.TM1650_SCL_Output)
    [Anonymous Symbol]                       0x08001cf8   Section        0  tm1650.o(.text.TM1650_SCL_Set)
    [Anonymous Symbol]                       0x08001d1c   Section        0  tm1650.o(.text.TM1650_SDA_Get)
    __arm_cp.10_0                            0x08001d2c   Number         4  tm1650.o(.text.TM1650_SDA_Get)
    [Anonymous Symbol]                       0x08001d30   Section        0  tm1650.o(.text.TM1650_SDA_Input)
    [Anonymous Symbol]                       0x08001d50   Section        0  tm1650.o(.text.TM1650_SDA_Output)
    [Anonymous Symbol]                       0x08001d70   Section        0  tm1650.o(.text.TM1650_SDA_Set)
    __arm_cp.9_0                             0x08001d94   Number         4  tm1650.o(.text.TM1650_SDA_Set)
    [Anonymous Symbol]                       0x08001d98   Section        0  tm1650.o(.text.TM1650_Start)
    [Anonymous Symbol]                       0x08001dcc   Section        0  tm1650.o(.text.TM1650_Stop)
    [Anonymous Symbol]                       0x08001e00   Section        0  tm1650.o(.text.TM1650_Tx_Byte)
    __arm_cp.17_0                            0x08001e38   Number         4  tm1650.o(.text.TM1650_Tx_Byte)
    __arm_cp.17_1                            0x08001e3c   Number         4  tm1650.o(.text.TM1650_Tx_Byte)
    [Anonymous Symbol]                       0x08001e40   Section        0  tm1650.o(.text.TM1650_Write)
    [Anonymous Symbol]                       0x08001e4c   Section        0  tm1650.o(.text.TM1650_Write_Cmd_Sevenseg)
    [Anonymous Symbol]                       0x08001e72   Section        0  tm1650.o(.text.TM1650_Write_Data)
    [Anonymous Symbol]                       0x08001e8e   Section        0  tm1650.o(.text.TM1650_Write_System_Cmd)
    [Anonymous Symbol]                       0x08001ea4   Section        0  timebase.o(.text.Timebase_DownCounter_Continuous_Expired_Event)
    [Anonymous Symbol]                       0x08001edc   Section        0  timebase.o(.text.Timebase_DownCounter_Expired_Event)
    [Anonymous Symbol]                       0x08001f04   Section        0  timebase.o(.text.Timebase_DownCounter_Reset)
    [Anonymous Symbol]                       0x08001f44   Section        0  timebase.o(.text.Timebase_DownCounter_Reset_All)
    [Anonymous Symbol]                       0x08001f58   Section        0  timebase.o(.text.Timebase_DownCounter_SS_Expired_Event)
    [Anonymous Symbol]                       0x08001f7c   Section        0  timebase.o(.text.Timebase_DownCounter_SS_Reset)
    [Anonymous Symbol]                       0x08001fb0   Section        0  timebase.o(.text.Timebase_DownCounter_SS_Reset_All)
    [Anonymous Symbol]                       0x08001fc4   Section        0  timebase.o(.text.Timebase_DownCounter_SS_Set_Forcefully)
    [Anonymous Symbol]                       0x08001fe4   Section        0  timebase.o(.text.Timebase_DownCounter_SS_Set_Securely)
    [Anonymous Symbol]                       0x0800204c   Section        0  timebase.o(.text.Timebase_DownCounter_SS_Start)
    [Anonymous Symbol]                       0x08002070   Section        0  timebase.o(.text.Timebase_DownCounter_SS_Update)
    [Anonymous Symbol]                       0x080020ec   Section        0  timebase.o(.text.Timebase_DownCounter_SS_Update_All)
    [Anonymous Symbol]                       0x08002100   Section        0  timebase.o(.text.Timebase_DownCounter_Set_Forcefully)
    [Anonymous Symbol]                       0x08002124   Section        0  timebase.o(.text.Timebase_DownCounter_Set_Securely)
    [Anonymous Symbol]                       0x0800215c   Section        0  timebase.o(.text.Timebase_DownCounter_Start)
    [Anonymous Symbol]                       0x08002180   Section        0  timebase.o(.text.Timebase_DownCounter_Update)
    [Anonymous Symbol]                       0x080021e8   Section        0  timebase.o(.text.Timebase_DownCounter_Update_All)
    [Anonymous Symbol]                       0x080021fc   Section        0  timebase.o(.text.Timebase_ISR_Executables)
    __arm_cp.6_0                             0x08002238   Number         4  timebase.o(.text.Timebase_ISR_Executables)
    [Anonymous Symbol]                       0x0800223c   Section        0  timebase.o(.text.Timebase_Init)
    [Anonymous Symbol]                       0x08002250   Section        0  timebase.o(.text.Timebase_Main_Loop_Executables)
    __arm_cp.93_0                            0x08002290   Number         4  timebase.o(.text.Timebase_Main_Loop_Executables)
    [Anonymous Symbol]                       0x08002294   Section        0  timebase.o(.text.Timebase_Reset)
    [Anonymous Symbol]                       0x080022a0   Section        0  timebase.o(.text.Timebase_Struct_Init)
    __arm_cp.0_0                             0x0800230c   Number         4  timebase.o(.text.Timebase_Struct_Init)
    __arm_cp.0_1                             0x08002310   Number         4  timebase.o(.text.Timebase_Struct_Init)
    [Anonymous Symbol]                       0x08002314   Section        0  timebase.o(.text.Timebase_Timer_Enable)
    __arm_cp.1_0                             0x08002364   Number         4  timebase.o(.text.Timebase_Timer_Enable)
    __arm_cp.1_1                             0x08002368   Number         4  timebase.o(.text.Timebase_Timer_Enable)
    __arm_cp.1_2                             0x0800236c   Number         4  timebase.o(.text.Timebase_Timer_Enable)
    __arm_cp.1_3                             0x08002370   Number         4  timebase.o(.text.Timebase_Timer_Enable)
    __arm_cp.1_4                             0x08002374   Number         4  timebase.o(.text.Timebase_Timer_Enable)
    [Anonymous Symbol]                       0x08002378   Section        0  timebase.o(.text.Timebase_Timer_Get_SubSecondsUpTime_Securely)
    [Anonymous Symbol]                       0x08002388   Section        0  timebase.o(.text.Timebase_Timer_Sync_With_Shadow_Variables)
    __arm_cp.19_0                            0x080023ac   Number         4  timebase.o(.text.Timebase_Timer_Sync_With_Shadow_Variables)
    [Anonymous Symbol]                       0x080023b0   Section        0  dispcom.o(.text.USART1_IRQHandler)
    [Anonymous Symbol]                       0x080023b8   Section        0  debug.o(.text.USART2_IRQHandler)
    __arm_cp.13_0                            0x08002400   Number         4  debug.o(.text.USART2_IRQHandler)
    __arm_cp.13_1                            0x08002404   Number         4  debug.o(.text.USART2_IRQHandler)
    __arm_cp.13_2                            0x08002408   Number         4  debug.o(.text.USART2_IRQHandler)
    [Anonymous Symbol]                       0x0800240c   Section        0  main.o(.text.main)
    i._dgeq                                  0x08002416   Section        0  dcmp.o(i._dgeq)
    i._dgr                                   0x0800242c   Section        0  dcmp.o(i._dgr)
    x$fpl$dgeqf                              0x08002444   Section      100  dgef.o(x$fpl$dgeqf)
    ddiv_reciptbl                            0x080024a8   Data         128  ddiv.o(.constdata)
    .constdata                               0x080024a8   Section      128  ddiv.o(.constdata)
    x$fpl$usenofp                            0x080024a8   Section        0  usenofp.o(x$fpl$usenofp)
    .bss                                     0x20000020   Section       96  libspace.o(.bss)
    [Anonymous Symbol]                       0x20000080   Section        0  dispfnc.o(.bss..L_MergedGlobals)
    DispCom                                  0x20000136   Data          90  dispcom.o(.bss.DispCom)
    [Anonymous Symbol]                       0x20000136   Section        0  dispcom.o(.bss.DispCom)
    Display                                  0x20000190   Data         136  display.o(.bss.Display)
    [Anonymous Symbol]                       0x20000190   Section        0  display.o(.bss.Display)
    Heap_Mem                                 0x200004e0   Data         512  startup_stm32g030xx.o(HEAP)
    HEAP                                     0x200004e0   Section      512  startup_stm32g030xx.o(HEAP)
    Stack_Mem                                0x200006e0   Data        1024  startup_stm32g030xx.o(STACK)
    STACK                                    0x200006e0   Section     1024  startup_stm32g030xx.o(STACK)
    __initial_sp                             0x20000ae0   Data           0  startup_stm32g030xx.o(STACK)

    Global Symbols

    Symbol Name                              Value     Ov Type        Size  Object(Section)

    BuildAttributes$$THM_ISAv3M$S$PE$A:L22$X:L11$S22$IEEE1$IW$~IW$USESV6$~STKCKD$USESV7$~SHL$OSPACE$ROPI$EBA8$UX$STANDARDLIB$REQ8$PRES8$EABIv2 0x00000000   Number         0  anon$$obj.o ABSOLUTE
    __ARM_exceptions_init                     - Undefined Weak Reference
    __alloca_initialize                       - Undefined Weak Reference
    __arm_preinit_                            - Undefined Weak Reference
    __cpp_initialize__aeabi_                  - Undefined Weak Reference
    __cxa_finalize                            - Undefined Weak Reference
    __rt_locale                               - Undefined Weak Reference
    __sigvec_lookup                           - Undefined Weak Reference
    _atexit_init                              - Undefined Weak Reference
    _call_atexit_fns                          - Undefined Weak Reference
    _clock_init                               - Undefined Weak Reference
    _fp_trap_init                             - Undefined Weak Reference
    _fp_trap_shutdown                         - Undefined Weak Reference
    _get_lc_collate                           - Undefined Weak Reference
    _get_lc_ctype                             - Undefined Weak Reference
    _get_lc_monetary                          - Undefined Weak Reference
    _get_lc_numeric                           - Undefined Weak Reference
    _get_lc_time                              - Undefined Weak Reference
    _getenv_init                              - Undefined Weak Reference
    _handle_redirection                       - Undefined Weak Reference
    _init_alloc                               - Undefined Weak Reference
    _init_user_alloc                          - Undefined Weak Reference
    _initio                                   - Undefined Weak Reference
    _rand_init                                - Undefined Weak Reference
    _signal_finish                            - Undefined Weak Reference
    _signal_init                              - Undefined Weak Reference
    _terminate_alloc                          - Undefined Weak Reference
    _terminate_user_alloc                     - Undefined Weak Reference
    _terminateio                              - Undefined Weak Reference
    __Vectors_Size                           0x000000c0   Number         0  startup_stm32g030xx.o ABSOLUTE
    __Vectors                                0x08000000   Data           4  startup_stm32g030xx.o(RESET)
    __Vectors_End                            0x080000c0   Data           0  startup_stm32g030xx.o(RESET)
    __main                                   0x080000c1   Thumb Code     8  __main.o(!!!main)
    __scatterload                            0x080000c9   Thumb Code     0  __scatter.o(!!!scatter)
    __scatterload_rt2                        0x080000c9   Thumb Code    52  __scatter.o(!!!scatter)
    __scatterload_rt2_thumb_only             0x080000c9   Thumb Code     0  __scatter.o(!!!scatter)
    __scatterload_null                       0x080000d9   Thumb Code     0  __scatter.o(!!!scatter)
    __scatterload_copy                       0x08000105   Thumb Code    26  __scatter_copy.o(!!handler_copy)
    __scatterload_zeroinit                   0x08000121   Thumb Code    28  __scatter_zi.o(!!handler_zi)
    __rt_lib_init                            0x0800013d   Thumb Code     0  libinit.o(.ARM.Collect$$libinit$$00000000)
    __rt_lib_init_alloca_1                   0x0800013f   Thumb Code     0  libinit2.o(.ARM.Collect$$libinit$$0000002E)
    __rt_lib_init_argv_1                     0x0800013f   Thumb Code     0  libinit2.o(.ARM.Collect$$libinit$$0000002C)
    __rt_lib_init_atexit_1                   0x0800013f   Thumb Code     0  libinit2.o(.ARM.Collect$$libinit$$0000001B)
    __rt_lib_init_clock_1                    0x0800013f   Thumb Code     0  libinit2.o(.ARM.Collect$$libinit$$00000021)
    __rt_lib_init_cpp_1                      0x0800013f   Thumb Code     0  libinit2.o(.ARM.Collect$$libinit$$00000032)
    __rt_lib_init_exceptions_1               0x0800013f   Thumb Code     0  libinit2.o(.ARM.Collect$$libinit$$00000030)
    __rt_lib_init_fp_1                       0x0800013f   Thumb Code     0  libinit2.o(.ARM.Collect$$libinit$$00000002)
    __rt_lib_init_fp_trap_1                  0x0800013f   Thumb Code     0  libinit2.o(.ARM.Collect$$libinit$$0000001F)
    __rt_lib_init_getenv_1                   0x0800013f   Thumb Code     0  libinit2.o(.ARM.Collect$$libinit$$00000023)
    __rt_lib_init_heap_1                     0x0800013f   Thumb Code     0  libinit2.o(.ARM.Collect$$libinit$$0000000A)
    __rt_lib_init_lc_collate_1               0x0800013f   Thumb Code     0  libinit2.o(.ARM.Collect$$libinit$$00000011)
    __rt_lib_init_lc_ctype_1                 0x0800013f   Thumb Code     0  libinit2.o(.ARM.Collect$$libinit$$00000013)
    __rt_lib_init_lc_monetary_1              0x0800013f   Thumb Code     0  libinit2.o(.ARM.Collect$$libinit$$00000015)
    __rt_lib_init_lc_numeric_1               0x0800013f   Thumb Code     0  libinit2.o(.ARM.Collect$$libinit$$00000017)
    __rt_lib_init_lc_time_1                  0x0800013f   Thumb Code     0  libinit2.o(.ARM.Collect$$libinit$$00000019)
    __rt_lib_init_preinit_1                  0x0800013f   Thumb Code     0  libinit2.o(.ARM.Collect$$libinit$$00000004)
    __rt_lib_init_rand_1                     0x0800013f   Thumb Code     0  libinit2.o(.ARM.Collect$$libinit$$0000000E)
    __rt_lib_init_return                     0x0800013f   Thumb Code     0  libinit2.o(.ARM.Collect$$libinit$$00000033)
    __rt_lib_init_signal_1                   0x0800013f   Thumb Code     0  libinit2.o(.ARM.Collect$$libinit$$0000001D)
    __rt_lib_init_stdio_1                    0x0800013f   Thumb Code     0  libinit2.o(.ARM.Collect$$libinit$$00000025)
    __rt_lib_init_user_alloc_1               0x0800013f   Thumb Code     0  libinit2.o(.ARM.Collect$$libinit$$0000000C)
    __rt_lib_shutdown                        0x08000141   Thumb Code     0  libshutdown.o(.ARM.Collect$$libshutdown$$00000000)
    __rt_lib_shutdown_cpp_1                  0x08000143   Thumb Code     0  libshutdown2.o(.ARM.Collect$$libshutdown$$00000002)
    __rt_lib_shutdown_fp_trap_1              0x08000143   Thumb Code     0  libshutdown2.o(.ARM.Collect$$libshutdown$$00000007)
    __rt_lib_shutdown_heap_1                 0x08000143   Thumb Code     0  libshutdown2.o(.ARM.Collect$$libshutdown$$0000000F)
    __rt_lib_shutdown_return                 0x08000143   Thumb Code     0  libshutdown2.o(.ARM.Collect$$libshutdown$$00000010)
    __rt_lib_shutdown_signal_1               0x08000143   Thumb Code     0  libshutdown2.o(.ARM.Collect$$libshutdown$$0000000A)
    __rt_lib_shutdown_stdio_1                0x08000143   Thumb Code     0  libshutdown2.o(.ARM.Collect$$libshutdown$$00000004)
    __rt_lib_shutdown_user_alloc_1           0x08000143   Thumb Code     0  libshutdown2.o(.ARM.Collect$$libshutdown$$0000000C)
    __rt_entry                               0x08000145   Thumb Code     0  __rtentry.o(.ARM.Collect$$rtentry$$00000000)
    __rt_entry_presh_1                       0x08000145   Thumb Code     0  __rtentry2.o(.ARM.Collect$$rtentry$$00000002)
    __rt_entry_sh                            0x08000145   Thumb Code     0  __rtentry4.o(.ARM.Collect$$rtentry$$00000004)
    __rt_entry_li                            0x0800014b   Thumb Code     0  __rtentry2.o(.ARM.Collect$$rtentry$$0000000A)
    __rt_entry_postsh_1                      0x0800014b   Thumb Code     0  __rtentry2.o(.ARM.Collect$$rtentry$$00000009)
    __rt_entry_main                          0x0800014f   Thumb Code     0  __rtentry2.o(.ARM.Collect$$rtentry$$0000000D)
    __rt_entry_postli_1                      0x0800014f   Thumb Code     0  __rtentry2.o(.ARM.Collect$$rtentry$$0000000C)
    __rt_exit                                0x08000157   Thumb Code     0  rtexit.o(.ARM.Collect$$rtexit$$00000000)
    __rt_exit_ls                             0x08000159   Thumb Code     0  rtexit2.o(.ARM.Collect$$rtexit$$00000003)
    __rt_exit_prels_1                        0x08000159   Thumb Code     0  rtexit2.o(.ARM.Collect$$rtexit$$00000002)
    __rt_exit_exit                           0x0800015d   Thumb Code     0  rtexit2.o(.ARM.Collect$$rtexit$$00000004)
    Reset_Handler                            0x08000165   Thumb Code     8  startup_stm32g030xx.o(.text)
    NMI_Handler                              0x0800016d   Thumb Code     2  startup_stm32g030xx.o(.text)
    HardFault_Handler                        0x0800016f   Thumb Code     2  startup_stm32g030xx.o(.text)
    SVC_Handler                              0x08000171   Thumb Code     2  startup_stm32g030xx.o(.text)
    PendSV_Handler                           0x08000173   Thumb Code     2  startup_stm32g030xx.o(.text)
    SysTick_Handler                          0x08000175   Thumb Code     2  startup_stm32g030xx.o(.text)
    ADC1_IRQHandler                          0x08000177   Thumb Code     0  startup_stm32g030xx.o(.text)
    DMA1_Ch4_5_DMAMUX1_OVR_IRQHandler        0x08000177   Thumb Code     0  startup_stm32g030xx.o(.text)
    DMA1_Channel1_IRQHandler                 0x08000177   Thumb Code     0  startup_stm32g030xx.o(.text)
    DMA1_Channel2_3_IRQHandler               0x08000177   Thumb Code     0  startup_stm32g030xx.o(.text)
    EXTI0_1_IRQHandler                       0x08000177   Thumb Code     0  startup_stm32g030xx.o(.text)
    EXTI2_3_IRQHandler                       0x08000177   Thumb Code     0  startup_stm32g030xx.o(.text)
    EXTI4_15_IRQHandler                      0x08000177   Thumb Code     0  startup_stm32g030xx.o(.text)
    FLASH_IRQHandler                         0x08000177   Thumb Code     0  startup_stm32g030xx.o(.text)
    I2C1_IRQHandler                          0x08000177   Thumb Code     0  startup_stm32g030xx.o(.text)
    I2C2_IRQHandler                          0x08000177   Thumb Code     0  startup_stm32g030xx.o(.text)
    RCC_IRQHandler                           0x08000177   Thumb Code     0  startup_stm32g030xx.o(.text)
    RTC_TAMP_IRQHandler                      0x08000177   Thumb Code     0  startup_stm32g030xx.o(.text)
    SPI1_IRQHandler                          0x08000177   Thumb Code     0  startup_stm32g030xx.o(.text)
    SPI2_IRQHandler                          0x08000177   Thumb Code     0  startup_stm32g030xx.o(.text)
    TIM1_BRK_UP_TRG_COM_IRQHandler           0x08000177   Thumb Code     0  startup_stm32g030xx.o(.text)
    TIM1_CC_IRQHandler                       0x08000177   Thumb Code     0  startup_stm32g030xx.o(.text)
    TIM3_IRQHandler                          0x08000177   Thumb Code     0  startup_stm32g030xx.o(.text)
    WWDG_IRQHandler                          0x08000177   Thumb Code     0  startup_stm32g030xx.o(.text)
    __user_initial_stackheap                 0x08000179   Thumb Code     0  startup_stm32g030xx.o(.text)
    _memset_w                                0x0800019d   Thumb Code    26  rt_memclr.o(.text)
    _memset                                  0x080001b7   Thumb Code    30  rt_memclr.o(.text)
    __aeabi_memclr                           0x080001d5   Thumb Code     4  rt_memclr.o(.text)
    __rt_memclr                              0x080001d5   Thumb Code     0  rt_memclr.o(.text)
    __aeabi_memclr4                          0x080001d9   Thumb Code     0  rt_memclr.o(.text)
    __aeabi_memclr8                          0x080001d9   Thumb Code     0  rt_memclr.o(.text)
    __rt_memclr_w                            0x080001d9   Thumb Code     4  rt_memclr.o(.text)
    __aeabi_uidiv                            0x080001dd   Thumb Code     0  aeabi_sdiv.o(.text)
    __aeabi_uidivmod                         0x080001dd   Thumb Code    20  aeabi_sdiv.o(.text)
    __aeabi_idiv                             0x080001f1   Thumb Code     0  aeabi_sdiv.o(.text)
    __aeabi_idivmod                          0x080001f1   Thumb Code   326  aeabi_sdiv.o(.text)
    __use_two_region_memory                  0x08000337   Thumb Code     2  heapauxi.o(.text)
    __rt_heap_escrow$2region                 0x08000339   Thumb Code     2  heapauxi.o(.text)
    __rt_heap_expand$2region                 0x0800033b   Thumb Code     2  heapauxi.o(.text)
    __aeabi_ddiv                             0x0800033d   Thumb Code     0  ddiv.o(.text)
    _ddiv                                    0x0800033d   Thumb Code  1072  ddiv.o(.text)
    _drdiv                                   0x0800076d   Thumb Code    20  ddiv.o(.text)
    __aeabi_i2d_normalise                    0x08000785   Thumb Code    66  dflti.o(.text)
    __aeabi_i2d                              0x080007c7   Thumb Code    16  dflti.o(.text)
    _dflt                                    0x080007c7   Thumb Code     0  dflti.o(.text)
    __aeabi_ui2d                             0x080007d7   Thumb Code     6  dflti.o(.text)
    _dfltu                                   0x080007d7   Thumb Code     0  dflti.o(.text)
    __aeabi_dmul                             0x080007dd   Thumb Code     0  dmul.o(.text)
    _dmul                                    0x080007dd   Thumb Code   558  dmul.o(.text)
    __fpl_dcmp_InfNaN                        0x08000a25   Thumb Code   154  dcmpin.o(.text)
    __user_setup_stackheap                   0x08000ac5   Thumb Code    62  sys_stackheap_outer.o(.text)
    exit                                     0x08000b03   Thumb Code    16  exit.o(.text)
    __fpl_cmpreturn                          0x08000b13   Thumb Code    46  cmpret.o(.text)
    __fpl_dcheck_NaN2                        0x08000b41   Thumb Code    14  dnan2.o(.text)
    __user_libspace                          0x08000b55   Thumb Code     8  libspace.o(.text)
    __user_perproc_libspace                  0x08000b55   Thumb Code     0  libspace.o(.text)
    __user_perthread_libspace                0x08000b55   Thumb Code     0  libspace.o(.text)
    __fpl_return_NaN                         0x08000b5d   Thumb Code    94  retnan.o(.text)
    _sys_exit                                0x08000bbd   Thumb Code     8  sys_exit.o(.text)
    __I$use$semihosting                      0x08000bc9   Thumb Code     0  use_no_semi.o(.text)
    __use_no_semihosting_swi                 0x08000bc9   Thumb Code     2  use_no_semi.o(.text)
    App_Main_Loop                            0x08000bcb   Thumb Code    24  app.o(.text.App_Main_Loop)
    __semihosting_library_function           0x08000bcb   Thumb Code     0  indicate_semi.o(.text)
    App_Setup                                0x08000be3   Thumb Code    46  app.o(.text.App_Setup)
    CapTouch_Check_Touch_Duration            0x08000c11   Thumb Code    96  captouch.o(.text.CapTouch_Check_Touch_Duration)
    CapTouch_Check_Trigger                   0x08000c6d   Thumb Code    68  captouch.o(.text.CapTouch_Check_Trigger)
    CapTouch_Init                            0x08000cad   Thumb Code    12  captouch.o(.text.CapTouch_Init)
    CapTouch_Long_Pressed                    0x08000cb9   Thumb Code    48  captouch.o(.text.CapTouch_Long_Pressed)
    CapTouch_Response                        0x08000ce5   Thumb Code    40  captouch.o(.text.CapTouch_Response)
    CapTouch_Scan_Sensors                    0x08000d09   Thumb Code    28  captouch.o(.text.CapTouch_Scan_Sensors)
    CapTouch_Short_Pressed                   0x08000d25   Thumb Code    44  captouch.o(.text.CapTouch_Short_Pressed)
    CapTouch_Struct_Init                     0x08000d4d   Thumb Code    56  captouch.o(.text.CapTouch_Struct_Init)
    Debug_Determine_Digit_Numbers            0x08000d85   Thumb Code    68  debug.o(.text.Debug_Determine_Digit_Numbers)
    Debug_GPIO_Init                          0x08000dc5   Thumb Code   128  debug.o(.text.Debug_GPIO_Init)
    Debug_Init                               0x08000e41   Thumb Code    24  debug.o(.text.Debug_Init)
    Debug_Reg_Init                           0x08000e59   Thumb Code   108  debug.o(.text.Debug_Reg_Init)
    Debug_Struct_Init                        0x08000ebd   Thumb Code    56  debug.o(.text.Debug_Struct_Init)
    Debug_Timer_Init                         0x08000ef1   Thumb Code    88  debug.o(.text.Debug_Timer_Init)
    Debug_Tx_Byte                            0x08000f41   Thumb Code    24  debug.o(.text.Debug_Tx_Byte)
    Debug_Tx_NL                              0x08000f59   Thumb Code    16  debug.o(.text.Debug_Tx_NL)
    Debug_Tx_Number                          0x08000f69   Thumb Code    28  debug.o(.text.Debug_Tx_Number)
    Debug_Tx_Number_Digits                   0x08000f85   Thumb Code    40  debug.o(.text.Debug_Tx_Number_Digits)
    Debug_Tx_Number_NL                       0x08000fad   Thumb Code    12  debug.o(.text.Debug_Tx_Number_NL)
    Debug_Tx_Parameter_NL                    0x08000fb9   Thumb Code    20  debug.o(.text.Debug_Tx_Parameter_NL)
    Debug_Tx_SP                              0x08000fcd   Thumb Code    10  debug.o(.text.Debug_Tx_SP)
    Debug_Tx_Text                            0x08000fd7   Thumb Code    24  debug.o(.text.Debug_Tx_Text)
    Diag_Handler                             0x08000fef   Thumb Code     2  diag.o(.text.Diag_Handler)
    Diag_Init                                0x08000ff1   Thumb Code     2  diag.o(.text.Diag_Init)
    DispCom_Buf_Flush                        0x08000ff5   Thumb Code    32  dispcom.o(.text.DispCom_Buf_Flush)
    DispCom_Buf_Get                          0x08001011   Thumb Code    12  dispcom.o(.text.DispCom_Buf_Get)
    DispCom_CRC_Calculate_Block              0x08001019   Thumb Code    30  dispcom.o(.text.DispCom_CRC_Calculate_Block)
    DispCom_CRC_Calculate_Byte               0x08001039   Thumb Code    36  dispcom.o(.text.DispCom_CRC_Calculate_Byte)
    DispCom_Config_BAUD_Rate                 0x0800105d   Thumb Code    40  dispcom.o(.text.DispCom_Config_BAUD_Rate)
    DispCom_Config_GPIO                      0x08001081   Thumb Code    68  dispcom.o(.text.DispCom_Config_GPIO)
    DispCom_Config_Rx                        0x080010c5   Thumb Code    32  dispcom.o(.text.DispCom_Config_Rx)
    DispCom_Config_Rx_Interrupt              0x080010e1   Thumb Code    44  dispcom.o(.text.DispCom_Config_Rx_Interrupt)
    DispCom_Config_Tx                        0x08001109   Thumb Code    32  dispcom.o(.text.DispCom_Config_Tx)
    DispCom_Data_Available                   0x08001129   Thumb Code    12  dispcom.o(.text.DispCom_Data_Available)
    DispCom_ISR_Handler                      0x08001131   Thumb Code    96  dispcom.o(.text.DispCom_ISR_Handler)
    DispCom_Init                             0x08001189   Thumb Code    92  dispcom.o(.text.DispCom_Init)
    DispCom_RX_Packet_CRC_Check              0x080011e1   Thumb Code    84  dispcom.o(.text.DispCom_RX_Packet_CRC_Check)
    DispCom_RX_Packet_Read_Complete          0x08001231   Thumb Code    28  dispcom.o(.text.DispCom_RX_Packet_Read_Complete)
    DispCom_Struct_Init                      0x08001249   Thumb Code    64  dispcom.o(.text.DispCom_Struct_Init)
    DispCom_Timer_ISR_Handler                0x08001285   Thumb Code   100  dispcom.o(.text.DispCom_Timer_ISR_Handler)
    DispCom_Timer_Init                       0x080012e9   Thumb Code    72  dispcom.o(.text.DispCom_Timer_Init)
    DispCom_Tx_Buf                           0x08001331   Thumb Code    26  dispcom.o(.text.DispCom_Tx_Buf)
    DispCom_Tx_Byte                          0x0800134d   Thumb Code    24  dispcom.o(.text.DispCom_Tx_Byte)
    Dispfnc_Display_Error_Mode_Print_Funtions 0x08001365   Thumb Code    22  dispfnc.o(.text.Dispfnc_Display_Error_Mode_Print_Funtions)
    Dispfnc_Display_Normal_Mode_Print_Funtions 0x0800137d   Thumb Code    40  dispfnc.o(.text.Dispfnc_Display_Normal_Mode_Print_Funtions)
    Dispfnc_Display_Print_Funtions           0x080013a1   Thumb Code    28  dispfnc.o(.text.Dispfnc_Display_Print_Funtions)
    Dispfnc_Display_Repeated_Init            0x080013b9   Thumb Code    48  dispfnc.o(.text.Dispfnc_Display_Repeated_Init)
    Dispfnc_Display_Repeated_Init_Timer_Init 0x080013e9   Thumb Code    12  dispfnc.o(.text.Dispfnc_Display_Repeated_Init_Timer_Init)
    Dispfnc_Get_Realspeed_RPS                0x080013f5   Thumb Code    16  dispfnc.o(.text.Dispfnc_Get_Realspeed_RPS)
    Dispfnc_Get_Rx_Packet_Error              0x08001405   Thumb Code    24  dispfnc.o(.text.Dispfnc_Get_Rx_Packet_Error)
    Dispfnc_Handler                          0x08001419   Thumb Code    52  dispfnc.o(.text.Dispfnc_Handler)
    Dispfnc_Ind_LEDS_Off                     0x0800144d   Thumb Code    28  dispfnc.o(.text.Dispfnc_Ind_LEDS_Off)
    Dispfnc_Ind_LEDS_On                      0x08001465   Thumb Code    56  dispfnc.o(.text.Dispfnc_Ind_LEDS_On)
    Dispfnc_Ind_LEDS_Toggle                  0x08001499   Thumb Code    28  dispfnc.o(.text.Dispfnc_Ind_LEDS_Toggle)
    Dispfnc_Ind_Led_Time_Handler             0x080014b1   Thumb Code   256  dispfnc.o(.text.Dispfnc_Ind_Led_Time_Handler)
    Dispfnc_Init                             0x080015ad   Thumb Code    44  dispfnc.o(.text.Dispfnc_Init)
    Dispfnc_Led_Ind_Neg_Led_Set              0x080015d5   Thumb Code    12  dispfnc.o(.text.Dispfnc_Led_Ind_Neg_Led_Set)
    Dispfnc_Led_Ind_RPS_Dec                  0x080015e1   Thumb Code    12  dispfnc.o(.text.Dispfnc_Led_Ind_RPS_Dec)
    Dispfnc_Led_Ind_RPS_Inc                  0x080015ed   Thumb Code    12  dispfnc.o(.text.Dispfnc_Led_Ind_RPS_Inc)
    Dispfnc_Left_Side_LEDs                   0x080015f9   Thumb Code    32  dispfnc.o(.text.Dispfnc_Left_Side_LEDs)
    Dispfnc_Print_Number                     0x08001615   Thumb Code    32  dispfnc.o(.text.Dispfnc_Print_Number)
    Dispfnc_RPS_Print_And_LED_Handler        0x08001635   Thumb Code    48  dispfnc.o(.text.Dispfnc_RPS_Print_And_LED_Handler)
    Dispfnc_Right_Side_LEDs                  0x08001661   Thumb Code    32  dispfnc.o(.text.Dispfnc_Right_Side_LEDs)
    Dispfnc_Set_RPS_Handler                  0x08001681   Thumb Code    80  dispfnc.o(.text.Dispfnc_Set_RPS_Handler)
    Dispfnc_Set_Rx_Packet_Timer              0x080016cd   Thumb Code    24  dispfnc.o(.text.Dispfnc_Set_Rx_Packet_Timer)
    Dispfnc_Tx_Rx_Handler                    0x080016e5   Thumb Code    42  dispfnc.o(.text.Dispfnc_Tx_Rx_Handler)
    Display_Data_Struct_Init                 0x08001711   Thumb Code    52  display.o(.text.Display_Data_Struct_Init)
    Display_Init                             0x08001741   Thumb Code    12  display.o(.text.Display_Init)
    Display_RxData_CmdSpeed_Get              0x0800174d   Thumb Code    12  display.o(.text.Display_RxData_CmdSpeed_Get)
    Display_RxData_RealSpeed_Get             0x08001755   Thumb Code    12  display.o(.text.Display_RxData_RealSpeed_Get)
    Display_RxData_Update_Buf                0x0800175d   Thumb Code   232  display.o(.text.Display_RxData_Update_Buf)
    Display_TxData_CmdSpeed_Set              0x08001841   Thumb Code    12  display.o(.text.Display_TxData_CmdSpeed_Set)
    Display_TxData_Handler                   0x08001849   Thumb Code    24  display.o(.text.Display_TxData_Handler)
    Display_TxData_Update_Buf                0x0800185d   Thumb Code   124  display.o(.text.Display_TxData_Update_Buf)
    I2C2_Clock_Init                          0x080018d9   Thumb Code    36  captouch.o(.text.I2C2_Clock_Init)
    I2C2_Config                              0x080018fd   Thumb Code    60  captouch.o(.text.I2C2_Config)
    I2C2_GPIO_Init                           0x08001939   Thumb Code   152  captouch.o(.text.I2C2_GPIO_Init)
    I2C2_Init                                0x080019cd   Thumb Code    16  captouch.o(.text.I2C2_Init)
    I2C2_Read_Captouch_Sensors               0x080019dd   Thumb Code    40  captouch.o(.text.I2C2_Read_Captouch_Sensors)
    I2C2_TX_ADDR                             0x08001a05   Thumb Code    52  captouch.o(.text.I2C2_TX_ADDR)
    I2C2_TX_ADDR_READ                        0x08001a35   Thumb Code    52  captouch.o(.text.I2C2_TX_ADDR_READ)
    SystemInit                               0x08001a69   Thumb Code     2  system_stm32g0xx.o(.text.SystemInit)
    TIM14_IRQHandler                         0x08001a6d   Thumb Code    60  debug.o(.text.TIM14_IRQHandler)
    TIM16_IRQHandler                         0x08001aa9   Thumb Code     8  dispcom.o(.text.TIM16_IRQHandler)
    TIM17_IRQHandler                         0x08001ab1   Thumb Code    24  timebase.o(.text.TIM17_IRQHandler)
    TM1650_Ack_Get_With_Timeout              0x08001ac9   Thumb Code    92  tm1650.o(.text.TM1650_Ack_Get_With_Timeout)
    TM1650_Bit_Delay                         0x08001b21   Thumb Code    14  tm1650.o(.text.TM1650_Bit_Delay)
    TM1650_Clear_Display                     0x08001b2f   Thumb Code    22  tm1650.o(.text.TM1650_Clear_Display)
    TM1650_Display_Print_CE                  0x08001b45   Thumb Code    24  tm1650.o(.text.TM1650_Display_Print_CE)
    TM1650_Display_Print_Num_Unsigned        0x08001b59   Thumb Code    52  tm1650.o(.text.TM1650_Display_Print_Num_Unsigned)
    TM1650_Display_Set_State_LED             0x08001b89   Thumb Code    26  tm1650.o(.text.TM1650_Display_Set_State_LED)
    TM1650_Display_Set_State_LED1_LED8       0x08001ba5   Thumb Code    72  tm1650.o(.text.TM1650_Display_Set_State_LED1_LED8)
    TM1650_Display_Set_State_LED9_LED10      0x08001be5   Thumb Code    72  tm1650.o(.text.TM1650_Display_Set_State_LED9_LED10)
    TM1650_Display_Write_Dig1                0x08001c29   Thumb Code    12  tm1650.o(.text.TM1650_Display_Write_Dig1)
    TM1650_Display_Write_Dig2                0x08001c35   Thumb Code    12  tm1650.o(.text.TM1650_Display_Write_Dig2)
    TM1650_Display_Write_Dig3                0x08001c41   Thumb Code    12  tm1650.o(.text.TM1650_Display_Write_Dig3)
    TM1650_Display_Write_Dig4                0x08001c4d   Thumb Code    12  tm1650.o(.text.TM1650_Display_Write_Dig4)
    TM1650_GPIO_Init                         0x08001c59   Thumb Code   104  tm1650.o(.text.TM1650_GPIO_Init)
    TM1650_Init                              0x08001cc1   Thumb Code    22  tm1650.o(.text.TM1650_Init)
    TM1650_SCL_Output                        0x08001cd9   Thumb Code    36  tm1650.o(.text.TM1650_SCL_Output)
    TM1650_SCL_Set                           0x08001cf9   Thumb Code    40  tm1650.o(.text.TM1650_SCL_Set)
    TM1650_SDA_Get                           0x08001d1d   Thumb Code    20  tm1650.o(.text.TM1650_SDA_Get)
    TM1650_SDA_Input                         0x08001d31   Thumb Code    36  tm1650.o(.text.TM1650_SDA_Input)
    TM1650_SDA_Output                        0x08001d51   Thumb Code    36  tm1650.o(.text.TM1650_SDA_Output)
    TM1650_SDA_Set                           0x08001d71   Thumb Code    40  tm1650.o(.text.TM1650_SDA_Set)
    TM1650_Start                             0x08001d99   Thumb Code    60  tm1650.o(.text.TM1650_Start)
    TM1650_Stop                              0x08001dcd   Thumb Code    60  tm1650.o(.text.TM1650_Stop)
    TM1650_Tx_Byte                           0x08001e01   Thumb Code    64  tm1650.o(.text.TM1650_Tx_Byte)
    TM1650_Write                             0x08001e41   Thumb Code    12  tm1650.o(.text.TM1650_Write)
    TM1650_Write_Cmd_Sevenseg                0x08001e4d   Thumb Code    38  tm1650.o(.text.TM1650_Write_Cmd_Sevenseg)
    TM1650_Write_Data                        0x08001e73   Thumb Code    28  tm1650.o(.text.TM1650_Write_Data)
    TM1650_Write_System_Cmd                  0x08001e8f   Thumb Code    20  tm1650.o(.text.TM1650_Write_System_Cmd)
    Timebase_DownCounter_Continuous_Expired_Event 0x08001ea5   Thumb Code    60  timebase.o(.text.Timebase_DownCounter_Continuous_Expired_Event)
    Timebase_DownCounter_Expired_Event       0x08001edd   Thumb Code    44  timebase.o(.text.Timebase_DownCounter_Expired_Event)
    Timebase_DownCounter_Reset               0x08001f05   Thumb Code    68  timebase.o(.text.Timebase_DownCounter_Reset)
    Timebase_DownCounter_Reset_All           0x08001f45   Thumb Code    20  timebase.o(.text.Timebase_DownCounter_Reset_All)
    Timebase_DownCounter_SS_Expired_Event    0x08001f59   Thumb Code    40  timebase.o(.text.Timebase_DownCounter_SS_Expired_Event)
    Timebase_DownCounter_SS_Reset            0x08001f7d   Thumb Code    56  timebase.o(.text.Timebase_DownCounter_SS_Reset)
    Timebase_DownCounter_SS_Reset_All        0x08001fb1   Thumb Code    20  timebase.o(.text.Timebase_DownCounter_SS_Reset_All)
    Timebase_DownCounter_SS_Set_Forcefully   0x08001fc5   Thumb Code    36  timebase.o(.text.Timebase_DownCounter_SS_Set_Forcefully)
    Timebase_DownCounter_SS_Set_Securely     0x08001fe5   Thumb Code   108  timebase.o(.text.Timebase_DownCounter_SS_Set_Securely)
    Timebase_DownCounter_SS_Start            0x0800204d   Thumb Code    40  timebase.o(.text.Timebase_DownCounter_SS_Start)
    Timebase_DownCounter_SS_Update           0x08002071   Thumb Code   128  timebase.o(.text.Timebase_DownCounter_SS_Update)
    Timebase_DownCounter_SS_Update_All       0x080020ed   Thumb Code    20  timebase.o(.text.Timebase_DownCounter_SS_Update_All)
    Timebase_DownCounter_Set_Forcefully      0x08002101   Thumb Code    40  timebase.o(.text.Timebase_DownCounter_Set_Forcefully)
    Timebase_DownCounter_Set_Securely        0x08002125   Thumb Code    60  timebase.o(.text.Timebase_DownCounter_Set_Securely)
    Timebase_DownCounter_Start               0x0800215d   Thumb Code    40  timebase.o(.text.Timebase_DownCounter_Start)
    Timebase_DownCounter_Update              0x08002181   Thumb Code   108  timebase.o(.text.Timebase_DownCounter_Update)
    Timebase_DownCounter_Update_All          0x080021e9   Thumb Code    20  timebase.o(.text.Timebase_DownCounter_Update_All)
    Timebase_ISR_Executables                 0x080021fd   Thumb Code    64  timebase.o(.text.Timebase_ISR_Executables)
    Timebase_Init                            0x0800223d   Thumb Code    20  timebase.o(.text.Timebase_Init)
    Timebase_Main_Loop_Executables           0x08002251   Thumb Code    68  timebase.o(.text.Timebase_Main_Loop_Executables)
    Timebase_Reset                           0x08002295   Thumb Code    12  timebase.o(.text.Timebase_Reset)
    Timebase_Struct_Init                     0x080022a1   Thumb Code   116  timebase.o(.text.Timebase_Struct_Init)
    Timebase_Timer_Enable                    0x08002315   Thumb Code   104  timebase.o(.text.Timebase_Timer_Enable)
    Timebase_Timer_Get_SubSecondsUpTime_Securely 0x08002379   Thumb Code    20  timebase.o(.text.Timebase_Timer_Get_SubSecondsUpTime_Securely)
    Timebase_Timer_Sync_With_Shadow_Variables 0x08002389   Thumb Code    40  timebase.o(.text.Timebase_Timer_Sync_With_Shadow_Variables)
    USART1_IRQHandler                        0x080023b1   Thumb Code     8  dispcom.o(.text.USART1_IRQHandler)
    USART2_IRQHandler                        0x080023b9   Thumb Code    84  debug.o(.text.USART2_IRQHandler)
    main                                     0x0800240d   Thumb Code    10  main.o(.text.main)
    __aeabi_dcmpge                           0x08002417   Thumb Code     0  dcmp.o(i._dgeq)
    _dgeq                                    0x08002417   Thumb Code    22  dcmp.o(i._dgeq)
    __aeabi_dcmpgt                           0x0800242d   Thumb Code     0  dcmp.o(i._dgr)
    _dgr                                     0x0800242d   Thumb Code    22  dcmp.o(i._dgr)
    _dcmpge                                  0x08002445   Thumb Code    94  dgef.o(x$fpl$dgeqf)
    __I$use$fp                               0x080024a8   Number         0  usenofp.o(x$fpl$usenofp)
    Region$$Table$$Base                      0x08002528   Number         0  anon$$obj.o(Region$$Table)
    Region$$Table$$Limit                     0x08002548   Number         0  anon$$obj.o(Region$$Table)
    CapTouch_Pins                            0x20000000   Data           2  captouch.o(.data.CapTouch_Pins)
    TM1650_Numeric_Values                    0x20000002   Data          23  tm1650.o(.data.TM1650_Numeric_Values)
    __libspace_start                         0x20000020   Data          96  libspace.o(.bss)
    Disp__com                                0x20000080   Data           2  dispfnc.o(.bss..L_MergedGlobals)
    __temporary_stack_top$libspace           0x20000080   Data           0  libspace.o(.bss)
    Comp__param                              0x20000082   Data           3  dispfnc.o(.bss..L_MergedGlobals)
    CapTouch                                 0x20000088   Data          32  captouch.o(.bss.CapTouch)
    Debug                                    0x200000a8   Data         141  debug.o(.bss.Debug)
    TM1650                                   0x20000218   Data          10  tm1650.o(.bss.TM1650)
    Timebase                                 0x20000224   Data           4  timebase.o(.bss.Timebase)
    Timebase_type                            0x20000228   Data         692  timebase.o(.bss.Timebase_type)



==============================================================================

Memory Map of the image

  Image Entry point : 0x08000165

  Load Region LR_1 (Base: 0x08000000, Size: 0x00002564, Max: 0xffffffff, ABSOLUTE)

    Execution Region ER_RO (Exec base: 0x08000000, Load base: 0x08000000, Size: 0x00002548, Max: 0xffffffff, ABSOLUTE)

    Exec Addr    Load Addr    Size         Type   Attr      Idx    E Section Name        Object

    0x08000000   0x08000000   0x000000c0   Data   RO          833    RESET               startup_stm32g030xx.o
    0x080000c0   0x080000c0   0x00000008   Code   RO          866  * !!!main             c_p.l(__main.o)
    0x080000c8   0x080000c8   0x0000003c   Code   RO         1075    !!!scatter          c_p.l(__scatter.o)
    0x08000104   0x08000104   0x0000001a   Code   RO         1077    !!handler_copy      c_p.l(__scatter_copy.o)
    0x0800011e   0x0800011e   0x00000002   PAD
    0x08000120   0x08000120   0x0000001c   Code   RO         1079    !!handler_zi        c_p.l(__scatter_zi.o)
    0x0800013c   0x0800013c   0x00000002   Code   RO          932    .ARM.Collect$$libinit$$00000000  c_p.l(libinit.o)
    0x0800013e   0x0800013e   0x00000000   Code   RO          950    .ARM.Collect$$libinit$$00000002  c_p.l(libinit2.o)
    0x0800013e   0x0800013e   0x00000000   Code   RO          952    .ARM.Collect$$libinit$$00000004  c_p.l(libinit2.o)
    0x0800013e   0x0800013e   0x00000000   Code   RO          955    .ARM.Collect$$libinit$$0000000A  c_p.l(libinit2.o)
    0x0800013e   0x0800013e   0x00000000   Code   RO          957    .ARM.Collect$$libinit$$0000000C  c_p.l(libinit2.o)
    0x0800013e   0x0800013e   0x00000000   Code   RO          959    .ARM.Collect$$libinit$$0000000E  c_p.l(libinit2.o)
    0x0800013e   0x0800013e   0x00000000   Code   RO          962    .ARM.Collect$$libinit$$00000011  c_p.l(libinit2.o)
    0x0800013e   0x0800013e   0x00000000   Code   RO          964    .ARM.Collect$$libinit$$00000013  c_p.l(libinit2.o)
    0x0800013e   0x0800013e   0x00000000   Code   RO          966    .ARM.Collect$$libinit$$00000015  c_p.l(libinit2.o)
    0x0800013e   0x0800013e   0x00000000   Code   RO          968    .ARM.Collect$$libinit$$00000017  c_p.l(libinit2.o)
    0x0800013e   0x0800013e   0x00000000   Code   RO          970    .ARM.Collect$$libinit$$00000019  c_p.l(libinit2.o)
    0x0800013e   0x0800013e   0x00000000   Code   RO          972    .ARM.Collect$$libinit$$0000001B  c_p.l(libinit2.o)
    0x0800013e   0x0800013e   0x00000000   Code   RO          974    .ARM.Collect$$libinit$$0000001D  c_p.l(libinit2.o)
    0x0800013e   0x0800013e   0x00000000   Code   RO          976    .ARM.Collect$$libinit$$0000001F  c_p.l(libinit2.o)
    0x0800013e   0x0800013e   0x00000000   Code   RO          978    .ARM.Collect$$libinit$$00000021  c_p.l(libinit2.o)
    0x0800013e   0x0800013e   0x00000000   Code   RO          980    .ARM.Collect$$libinit$$00000023  c_p.l(libinit2.o)
    0x0800013e   0x0800013e   0x00000000   Code   RO          982    .ARM.Collect$$libinit$$00000025  c_p.l(libinit2.o)
    0x0800013e   0x0800013e   0x00000000   Code   RO          986    .ARM.Collect$$libinit$$0000002C  c_p.l(libinit2.o)
    0x0800013e   0x0800013e   0x00000000   Code   RO          988    .ARM.Collect$$libinit$$0000002E  c_p.l(libinit2.o)
    0x0800013e   0x0800013e   0x00000000   Code   RO          990    .ARM.Collect$$libinit$$00000030  c_p.l(libinit2.o)
    0x0800013e   0x0800013e   0x00000000   Code   RO          992    .ARM.Collect$$libinit$$00000032  c_p.l(libinit2.o)
    0x0800013e   0x0800013e   0x00000002   Code   RO          993    .ARM.Collect$$libinit$$00000033  c_p.l(libinit2.o)
    0x08000140   0x08000140   0x00000002   Code   RO         1030    .ARM.Collect$$libshutdown$$00000000  c_p.l(libshutdown.o)
    0x08000142   0x08000142   0x00000000   Code   RO         1058    .ARM.Collect$$libshutdown$$00000002  c_p.l(libshutdown2.o)
    0x08000142   0x08000142   0x00000000   Code   RO         1060    .ARM.Collect$$libshutdown$$00000004  c_p.l(libshutdown2.o)
    0x08000142   0x08000142   0x00000000   Code   RO         1063    .ARM.Collect$$libshutdown$$00000007  c_p.l(libshutdown2.o)
    0x08000142   0x08000142   0x00000000   Code   RO         1066    .ARM.Collect$$libshutdown$$0000000A  c_p.l(libshutdown2.o)
    0x08000142   0x08000142   0x00000000   Code   RO         1068    .ARM.Collect$$libshutdown$$0000000C  c_p.l(libshutdown2.o)
    0x08000142   0x08000142   0x00000000   Code   RO         1071    .ARM.Collect$$libshutdown$$0000000F  c_p.l(libshutdown2.o)
    0x08000142   0x08000142   0x00000002   Code   RO         1072    .ARM.Collect$$libshutdown$$00000010  c_p.l(libshutdown2.o)
    0x08000144   0x08000144   0x00000000   Code   RO          887    .ARM.Collect$$rtentry$$00000000  c_p.l(__rtentry.o)
    0x08000144   0x08000144   0x00000000   Code   RO          900    .ARM.Collect$$rtentry$$00000002  c_p.l(__rtentry2.o)
    0x08000144   0x08000144   0x00000006   Code   RO          912    .ARM.Collect$$rtentry$$00000004  c_p.l(__rtentry4.o)
    0x0800014a   0x0800014a   0x00000000   Code   RO          902    .ARM.Collect$$rtentry$$00000009  c_p.l(__rtentry2.o)
    0x0800014a   0x0800014a   0x00000004   Code   RO          903    .ARM.Collect$$rtentry$$0000000A  c_p.l(__rtentry2.o)
    0x0800014e   0x0800014e   0x00000000   Code   RO          905    .ARM.Collect$$rtentry$$0000000C  c_p.l(__rtentry2.o)
    0x0800014e   0x0800014e   0x00000008   Code   RO          906    .ARM.Collect$$rtentry$$0000000D  c_p.l(__rtentry2.o)
    0x08000156   0x08000156   0x00000002   Code   RO          941    .ARM.Collect$$rtexit$$00000000  c_p.l(rtexit.o)
    0x08000158   0x08000158   0x00000000   Code   RO         1001    .ARM.Collect$$rtexit$$00000002  c_p.l(rtexit2.o)
    0x08000158   0x08000158   0x00000004   Code   RO         1002    .ARM.Collect$$rtexit$$00000003  c_p.l(rtexit2.o)
    0x0800015c   0x0800015c   0x00000006   Code   RO         1003    .ARM.Collect$$rtexit$$00000004  c_p.l(rtexit2.o)
    0x08000162   0x08000162   0x00000002   PAD
    0x08000164   0x08000164   0x00000038   Code   RO          834  * .text               startup_stm32g030xx.o
    0x0800019c   0x0800019c   0x00000040   Code   RO          858    .text               c_p.l(rt_memclr.o)
    0x080001dc   0x080001dc   0x0000015a   Code   RO          860    .text               c_p.l(aeabi_sdiv.o)
    0x08000336   0x08000336   0x00000006   Code   RO          864    .text               c_p.l(heapauxi.o)
    0x0800033c   0x0800033c   0x00000448   Code   RO          880    .text               fz_ps.l(ddiv.o)
    0x08000784   0x08000784   0x00000058   Code   RO          883    .text               fz_ps.l(dflti.o)
    0x080007dc   0x080007dc   0x00000248   Code   RO          885    .text               fz_ps.l(dmul.o)
    0x08000a24   0x08000a24   0x000000a0   Code   RO          916    .text               fz_ps.l(dcmpin.o)
    0x08000ac4   0x08000ac4   0x0000003e   Code   RO          918    .text               c_p.l(sys_stackheap_outer.o)
    0x08000b02   0x08000b02   0x00000010   Code   RO          921    .text               c_p.l(exit.o)
    0x08000b12   0x08000b12   0x0000002e   Code   RO          933    .text               fz_ps.l(cmpret.o)
    0x08000b40   0x08000b40   0x00000014   Code   RO          935    .text               fz_ps.l(dnan2.o)
    0x08000b54   0x08000b54   0x00000008   Code   RO          937    .text               c_p.l(libspace.o)
    0x08000b5c   0x08000b5c   0x0000005e   Code   RO          994    .text               fz_ps.l(retnan.o)
    0x08000bba   0x08000bba   0x00000002   PAD
    0x08000bbc   0x08000bbc   0x0000000c   Code   RO          996    .text               c_p.l(sys_exit.o)
    0x08000bc8   0x08000bc8   0x00000002   Code   RO         1019    .text               c_p.l(use_no_semi.o)
    0x08000bca   0x08000bca   0x00000000   Code   RO         1021    .text               c_p.l(indicate_semi.o)
    0x08000bca   0x08000bca   0x00000018   Code   RO           71    .text.App_Main_Loop  app.o
    0x08000be2   0x08000be2   0x0000002e   Code   RO           69    .text.App_Setup     app.o
    0x08000c10   0x08000c10   0x0000005c   Code   RO           24    .text.CapTouch_Check_Touch_Duration  captouch.o
    0x08000c6c   0x08000c6c   0x00000040   Code   RO           22    .text.CapTouch_Check_Trigger  captouch.o
    0x08000cac   0x08000cac   0x0000000c   Code   RO           46    .text.CapTouch_Init  captouch.o
    0x08000cb8   0x08000cb8   0x0000002c   Code   RO           30    .text.CapTouch_Long_Pressed  captouch.o
    0x08000ce4   0x08000ce4   0x00000024   Code   RO           20    .text.CapTouch_Response  captouch.o
    0x08000d08   0x08000d08   0x0000001c   Code   RO           26    .text.CapTouch_Scan_Sensors  captouch.o
    0x08000d24   0x08000d24   0x00000028   Code   RO           28    .text.CapTouch_Short_Pressed  captouch.o
    0x08000d4c   0x08000d4c   0x00000038   Code   RO           16    .text.CapTouch_Struct_Init  captouch.o
    0x08000d84   0x08000d84   0x00000040   Code   RO          758    .text.Debug_Determine_Digit_Numbers  debug.o
    0x08000dc4   0x08000dc4   0x0000007c   Code   RO          716    .text.Debug_GPIO_Init  debug.o
    0x08000e40   0x08000e40   0x00000018   Code   RO          820    .text.Debug_Init    debug.o
    0x08000e58   0x08000e58   0x00000064   Code   RO          718    .text.Debug_Reg_Init  debug.o
    0x08000ebc   0x08000ebc   0x00000034   Code   RO          714    .text.Debug_Struct_Init  debug.o
    0x08000ef0   0x08000ef0   0x00000050   Code   RO          720    .text.Debug_Timer_Init  debug.o
    0x08000f40   0x08000f40   0x00000018   Code   RO          736    .text.Debug_Tx_Byte  debug.o
    0x08000f58   0x08000f58   0x00000010   Code   RO          744    .text.Debug_Tx_NL   debug.o
    0x08000f68   0x08000f68   0x0000001c   Code   RO          762    .text.Debug_Tx_Number  debug.o
    0x08000f84   0x08000f84   0x00000028   Code   RO          760    .text.Debug_Tx_Number_Digits  debug.o
    0x08000fac   0x08000fac   0x0000000c   Code   RO          768    .text.Debug_Tx_Number_NL  debug.o
    0x08000fb8   0x08000fb8   0x00000014   Code   RO          786    .text.Debug_Tx_Parameter_NL  debug.o
    0x08000fcc   0x08000fcc   0x0000000a   Code   RO          746    .text.Debug_Tx_SP   debug.o
    0x08000fd6   0x08000fd6   0x00000018   Code   RO          750    .text.Debug_Tx_Text  debug.o
    0x08000fee   0x08000fee   0x00000002   Code   RO          640    .text.Diag_Handler  diag.o
    0x08000ff0   0x08000ff0   0x00000002   Code   RO          636    .text.Diag_Init     diag.o
    0x08000ff2   0x08000ff2   0x00000002   PAD
    0x08000ff4   0x08000ff4   0x0000001c   Code   RO          390    .text.DispCom_Buf_Flush  dispcom.o
    0x08001010   0x08001010   0x00000008   Code   RO          392    .text.DispCom_Buf_Get  dispcom.o
    0x08001018   0x08001018   0x0000001e   Code   RO          426    .text.DispCom_CRC_Calculate_Block  dispcom.o
    0x08001036   0x08001036   0x00000002   PAD
    0x08001038   0x08001038   0x00000024   Code   RO          424    .text.DispCom_CRC_Calculate_Byte  dispcom.o
    0x0800105c   0x0800105c   0x00000024   Code   RO          290    .text.DispCom_Config_BAUD_Rate  dispcom.o
    0x08001080   0x08001080   0x00000044   Code   RO          286    .text.DispCom_Config_GPIO  dispcom.o
    0x080010c4   0x080010c4   0x0000001c   Code   RO          294    .text.DispCom_Config_Rx  dispcom.o
    0x080010e0   0x080010e0   0x00000028   Code   RO          296    .text.DispCom_Config_Rx_Interrupt  dispcom.o
    0x08001108   0x08001108   0x00000020   Code   RO          292    .text.DispCom_Config_Tx  dispcom.o
    0x08001128   0x08001128   0x00000008   Code   RO          396    .text.DispCom_Data_Available  dispcom.o
    0x08001130   0x08001130   0x00000058   Code   RO          306    .text.DispCom_ISR_Handler  dispcom.o
    0x08001188   0x08001188   0x00000058   Code   RO          428    .text.DispCom_Init  dispcom.o
    0x080011e0   0x080011e0   0x00000050   Code   RO          420    .text.DispCom_RX_Packet_CRC_Check  dispcom.o
    0x08001230   0x08001230   0x00000018   Code   RO          422    .text.DispCom_RX_Packet_Read_Complete  dispcom.o
    0x08001248   0x08001248   0x0000003c   Code   RO          282    .text.DispCom_Struct_Init  dispcom.o
    0x08001284   0x08001284   0x00000064   Code   RO          326    .text.DispCom_Timer_ISR_Handler  dispcom.o
    0x080012e8   0x080012e8   0x00000048   Code   RO          310    .text.DispCom_Timer_Init  dispcom.o
    0x08001330   0x08001330   0x0000001a   Code   RO          328    .text.DispCom_Tx_Buf  dispcom.o
    0x0800134a   0x0800134a   0x00000002   PAD
    0x0800134c   0x0800134c   0x00000018   Code   RO          300    .text.DispCom_Tx_Byte  dispcom.o
    0x08001364   0x08001364   0x00000016   Code   RO          684    .text.Dispfnc_Display_Error_Mode_Print_Funtions  dispfnc.o
    0x0800137a   0x0800137a   0x00000002   PAD
    0x0800137c   0x0800137c   0x00000024   Code   RO          682    .text.Dispfnc_Display_Normal_Mode_Print_Funtions  dispfnc.o
    0x080013a0   0x080013a0   0x00000018   Code   RO          686    .text.Dispfnc_Display_Print_Funtions  dispfnc.o
    0x080013b8   0x080013b8   0x00000030   Code   RO          698    .text.Dispfnc_Display_Repeated_Init  dispfnc.o
    0x080013e8   0x080013e8   0x0000000c   Code   RO          696    .text.Dispfnc_Display_Repeated_Init_Timer_Init  dispfnc.o
    0x080013f4   0x080013f4   0x00000010   Code   RO          664    .text.Dispfnc_Get_Realspeed_RPS  dispfnc.o
    0x08001404   0x08001404   0x00000014   Code   RO          692    .text.Dispfnc_Get_Rx_Packet_Error  dispfnc.o
    0x08001418   0x08001418   0x00000034   Code   RO          702    .text.Dispfnc_Handler  dispfnc.o
    0x0800144c   0x0800144c   0x00000018   Code   RO          672    .text.Dispfnc_Ind_LEDS_Off  dispfnc.o
    0x08001464   0x08001464   0x00000034   Code   RO          670    .text.Dispfnc_Ind_LEDS_On  dispfnc.o
    0x08001498   0x08001498   0x00000018   Code   RO          676    .text.Dispfnc_Ind_LEDS_Toggle  dispfnc.o
    0x080014b0   0x080014b0   0x000000fc   Code   RO          668    .text.Dispfnc_Ind_Led_Time_Handler  dispfnc.o
    0x080015ac   0x080015ac   0x00000028   Code   RO          700    .text.Dispfnc_Init  dispfnc.o
    0x080015d4   0x080015d4   0x0000000c   Code   RO          660    .text.Dispfnc_Led_Ind_Neg_Led_Set  dispfnc.o
    0x080015e0   0x080015e0   0x0000000c   Code   RO          654    .text.Dispfnc_Led_Ind_RPS_Dec  dispfnc.o
    0x080015ec   0x080015ec   0x0000000c   Code   RO          652    .text.Dispfnc_Led_Ind_RPS_Inc  dispfnc.o
    0x080015f8   0x080015f8   0x0000001c   Code   RO          656    .text.Dispfnc_Left_Side_LEDs  dispfnc.o
    0x08001614   0x08001614   0x00000020   Code   RO          662    .text.Dispfnc_Print_Number  dispfnc.o
    0x08001634   0x08001634   0x0000002c   Code   RO          678    .text.Dispfnc_RPS_Print_And_LED_Handler  dispfnc.o
    0x08001660   0x08001660   0x00000020   Code   RO          658    .text.Dispfnc_Right_Side_LEDs  dispfnc.o
    0x08001680   0x08001680   0x0000004c   Code   RO          680    .text.Dispfnc_Set_RPS_Handler  dispfnc.o
    0x080016cc   0x080016cc   0x00000018   Code   RO          690    .text.Dispfnc_Set_Rx_Packet_Timer  dispfnc.o
    0x080016e4   0x080016e4   0x0000002a   Code   RO          694    .text.Dispfnc_Tx_Rx_Handler  dispfnc.o
    0x0800170e   0x0800170e   0x00000002   PAD
    0x08001710   0x08001710   0x00000030   Code   RO          440    .text.Display_Data_Struct_Init  display.o
    0x08001740   0x08001740   0x0000000c   Code   RO          494    .text.Display_Init  display.o
    0x0800174c   0x0800174c   0x00000008   Code   RO          482    .text.Display_RxData_CmdSpeed_Get  display.o
    0x08001754   0x08001754   0x00000008   Code   RO          484    .text.Display_RxData_RealSpeed_Get  display.o
    0x0800175c   0x0800175c   0x000000e4   Code   RO          462    .text.Display_RxData_Update_Buf  display.o
    0x08001840   0x08001840   0x00000008   Code   RO          452    .text.Display_TxData_CmdSpeed_Set  display.o
    0x08001848   0x08001848   0x00000014   Code   RO          460    .text.Display_TxData_Handler  display.o
    0x0800185c   0x0800185c   0x0000007c   Code   RO          442    .text.Display_TxData_Update_Buf  display.o
    0x080018d8   0x080018d8   0x00000024   Code   RO            4    .text.I2C2_Clock_Init  captouch.o
    0x080018fc   0x080018fc   0x0000003c   Code   RO            6    .text.I2C2_Config   captouch.o
    0x08001938   0x08001938   0x00000094   Code   RO            2    .text.I2C2_GPIO_Init  captouch.o
    0x080019cc   0x080019cc   0x00000010   Code   RO            8    .text.I2C2_Init     captouch.o
    0x080019dc   0x080019dc   0x00000028   Code   RO           18    .text.I2C2_Read_Captouch_Sensors  captouch.o
    0x08001a04   0x08001a04   0x00000030   Code   RO           10    .text.I2C2_TX_ADDR  captouch.o
    0x08001a34   0x08001a34   0x00000034   Code   RO           12    .text.I2C2_TX_ADDR_READ  captouch.o
    0x08001a68   0x08001a68   0x00000002   Code   RO          841    .text.SystemInit    system_stm32g0xx.o
    0x08001a6a   0x08001a6a   0x00000002   PAD
    0x08001a6c   0x08001a6c   0x0000003c   Code   RO          732    .text.TIM14_IRQHandler  debug.o
    0x08001aa8   0x08001aa8   0x00000008   Code   RO          324    .text.TIM16_IRQHandler  dispcom.o
    0x08001ab0   0x08001ab0   0x00000018   Code   RO           91    .text.TIM17_IRQHandler  timebase.o
    0x08001ac8   0x08001ac8   0x00000058   Code   RO          530    .text.TM1650_Ack_Get_With_Timeout  tm1650.o
    0x08001b20   0x08001b20   0x0000000e   Code   RO          510    .text.TM1650_Bit_Delay  tm1650.o
    0x08001b2e   0x08001b2e   0x00000016   Code   RO          562    .text.TM1650_Clear_Display  tm1650.o
    0x08001b44   0x08001b44   0x00000014   Code   RO          622    .text.TM1650_Display_Print_CE  tm1650.o
    0x08001b58   0x08001b58   0x00000030   Code   RO          616    .text.TM1650_Display_Print_Num_Unsigned  tm1650.o
    0x08001b88   0x08001b88   0x0000001a   Code   RO          610    .text.TM1650_Display_Set_State_LED  tm1650.o
    0x08001ba2   0x08001ba2   0x00000002   PAD
    0x08001ba4   0x08001ba4   0x00000040   Code   RO          598    .text.TM1650_Display_Set_State_LED1_LED8  tm1650.o
    0x08001be4   0x08001be4   0x00000044   Code   RO          604    .text.TM1650_Display_Set_State_LED9_LED10  tm1650.o
    0x08001c28   0x08001c28   0x0000000c   Code   RO          590    .text.TM1650_Display_Write_Dig1  tm1650.o
    0x08001c34   0x08001c34   0x0000000c   Code   RO          592    .text.TM1650_Display_Write_Dig2  tm1650.o
    0x08001c40   0x08001c40   0x0000000c   Code   RO          594    .text.TM1650_Display_Write_Dig3  tm1650.o
    0x08001c4c   0x08001c4c   0x0000000c   Code   RO          596    .text.TM1650_Display_Write_Dig4  tm1650.o
    0x08001c58   0x08001c58   0x00000068   Code   RO          508    .text.TM1650_GPIO_Init  tm1650.o
    0x08001cc0   0x08001cc0   0x00000016   Code   RO          576    .text.TM1650_Init   tm1650.o
    0x08001cd6   0x08001cd6   0x00000002   PAD
    0x08001cd8   0x08001cd8   0x00000020   Code   RO          514    .text.TM1650_SCL_Output  tm1650.o
    0x08001cf8   0x08001cf8   0x00000024   Code   RO          516    .text.TM1650_SCL_Set  tm1650.o
    0x08001d1c   0x08001d1c   0x00000014   Code   RO          526    .text.TM1650_SDA_Get  tm1650.o
    0x08001d30   0x08001d30   0x00000020   Code   RO          520    .text.TM1650_SDA_Input  tm1650.o
    0x08001d50   0x08001d50   0x00000020   Code   RO          522    .text.TM1650_SDA_Output  tm1650.o
    0x08001d70   0x08001d70   0x00000028   Code   RO          524    .text.TM1650_SDA_Set  tm1650.o
    0x08001d98   0x08001d98   0x00000034   Code   RO          536    .text.TM1650_Start  tm1650.o
    0x08001dcc   0x08001dcc   0x00000034   Code   RO          538    .text.TM1650_Stop   tm1650.o
    0x08001e00   0x08001e00   0x00000040   Code   RO          540    .text.TM1650_Tx_Byte  tm1650.o
    0x08001e40   0x08001e40   0x0000000c   Code   RO          550    .text.TM1650_Write  tm1650.o
    0x08001e4c   0x08001e4c   0x00000026   Code   RO          554    .text.TM1650_Write_Cmd_Sevenseg  tm1650.o
    0x08001e72   0x08001e72   0x0000001c   Code   RO          558    .text.TM1650_Write_Data  tm1650.o
    0x08001e8e   0x08001e8e   0x00000014   Code   RO          556    .text.TM1650_Write_System_Cmd  tm1650.o
    0x08001ea2   0x08001ea2   0x00000002   PAD
    0x08001ea4   0x08001ea4   0x00000038   Code   RO          253    .text.Timebase_DownCounter_Continuous_Expired_Event  timebase.o
    0x08001edc   0x08001edc   0x00000028   Code   RO          241    .text.Timebase_DownCounter_Expired_Event  timebase.o
    0x08001f04   0x08001f04   0x00000040   Code   RO          225    .text.Timebase_DownCounter_Reset  timebase.o
    0x08001f44   0x08001f44   0x00000014   Code   RO          257    .text.Timebase_DownCounter_Reset_All  timebase.o
    0x08001f58   0x08001f58   0x00000024   Code   RO          181    .text.Timebase_DownCounter_SS_Expired_Event  timebase.o
    0x08001f7c   0x08001f7c   0x00000034   Code   RO          165    .text.Timebase_DownCounter_SS_Reset  timebase.o
    0x08001fb0   0x08001fb0   0x00000014   Code   RO          197    .text.Timebase_DownCounter_SS_Reset_All  timebase.o
    0x08001fc4   0x08001fc4   0x00000020   Code   RO          175    .text.Timebase_DownCounter_SS_Set_Forcefully  timebase.o
    0x08001fe4   0x08001fe4   0x00000068   Code   RO          173    .text.Timebase_DownCounter_SS_Set_Securely  timebase.o
    0x0800204c   0x0800204c   0x00000024   Code   RO          169    .text.Timebase_DownCounter_SS_Start  timebase.o
    0x08002070   0x08002070   0x0000007c   Code   RO          177    .text.Timebase_DownCounter_SS_Update  timebase.o
    0x080020ec   0x080020ec   0x00000014   Code   RO          195    .text.Timebase_DownCounter_SS_Update_All  timebase.o
    0x08002100   0x08002100   0x00000024   Code   RO          235    .text.Timebase_DownCounter_Set_Forcefully  timebase.o
    0x08002124   0x08002124   0x00000038   Code   RO          233    .text.Timebase_DownCounter_Set_Securely  timebase.o
    0x0800215c   0x0800215c   0x00000024   Code   RO          229    .text.Timebase_DownCounter_Start  timebase.o
    0x08002180   0x08002180   0x00000068   Code   RO          237    .text.Timebase_DownCounter_Update  timebase.o
    0x080021e8   0x080021e8   0x00000014   Code   RO          255    .text.Timebase_DownCounter_Update_All  timebase.o
    0x080021fc   0x080021fc   0x00000040   Code   RO           93    .text.Timebase_ISR_Executables  timebase.o
    0x0800223c   0x0800223c   0x00000014   Code   RO          265    .text.Timebase_Init  timebase.o
    0x08002250   0x08002250   0x00000044   Code   RO          267    .text.Timebase_Main_Loop_Executables  timebase.o
    0x08002294   0x08002294   0x0000000c   Code   RO          261    .text.Timebase_Reset  timebase.o
    0x080022a0   0x080022a0   0x00000074   Code   RO           81    .text.Timebase_Struct_Init  timebase.o
    0x08002314   0x08002314   0x00000064   Code   RO           83    .text.Timebase_Timer_Enable  timebase.o
    0x08002378   0x08002378   0x00000010   Code   RO          115    .text.Timebase_Timer_Get_SubSecondsUpTime_Securely  timebase.o
    0x08002388   0x08002388   0x00000028   Code   RO          119    .text.Timebase_Timer_Sync_With_Shadow_Variables  timebase.o
    0x080023b0   0x080023b0   0x00000008   Code   RO          304    .text.USART1_IRQHandler  dispcom.o
    0x080023b8   0x080023b8   0x00000054   Code   RO          740    .text.USART2_IRQHandler  debug.o
    0x0800240c   0x0800240c   0x0000000a   Code   RO           59    .text.main          main.o
    0x08002416   0x08002416   0x00000016   Code   RO          869    i._dgeq             fz_ps.l(dcmp.o)
    0x0800242c   0x0800242c   0x00000016   Code   RO          870    i._dgr              fz_ps.l(dcmp.o)
    0x08002442   0x08002442   0x00000002   PAD
    0x08002444   0x08002444   0x00000064   Code   RO          894    x$fpl$dgeqf         fz_ps.l(dgef.o)
    0x080024a8   0x080024a8   0x00000000   Code   RO          898    x$fpl$usenofp       fz_ps.l(usenofp.o)
    0x080024a8   0x080024a8   0x00000080   Data   RO          881    .constdata          fz_ps.l(ddiv.o)
    0x08002528   0x08002528   0x00000020   Data   RO         1074    Region$$Table       anon$$obj.o


    Execution Region ER_RW (Exec base: 0x20000000, Load base: 0x08002548, Size: 0x0000001c, Max: 0xffffffff, ABSOLUTE)

    Exec Addr    Load Addr    Size         Type   Attr      Idx    E Section Name        Object

    0x20000000   0x08002548   0x00000002   Data   RW           48    .data.CapTouch_Pins  captouch.o
    0x20000002   0x0800254a   0x00000017   Data   RW          624    .data.TM1650_Numeric_Values  tm1650.o


    Execution Region ER_ZI (Exec base: 0x20000020, Load base: 0x08002564, Size: 0x00000ac0, Max: 0xffffffff, ABSOLUTE)

    Exec Addr    Load Addr    Size         Type   Attr      Idx    E Section Name        Object

    0x20000020        -       0x00000060   Zero   RW          938    .bss                c_p.l(libspace.o)
    0x20000080        -       0x00000005   Zero   RW          704    .bss..L_MergedGlobals  dispfnc.o
    0x20000085   0x08002564   0x00000003   PAD
    0x20000088        -       0x00000020   Zero   RW           49    .bss.CapTouch       captouch.o
    0x200000a8        -       0x0000008d   Zero   RW          822    .bss.Debug          debug.o
    0x20000135   0x08002564   0x00000001   PAD
    0x20000136        -       0x0000005a   Zero   RW          430    .bss.DispCom        dispcom.o
    0x20000190        -       0x00000088   Zero   RW          496    .bss.Display        display.o
    0x20000218        -       0x0000000a   Zero   RW          625    .bss.TM1650         tm1650.o
    0x20000222   0x08002564   0x00000002   PAD
    0x20000224        -       0x00000004   Zero   RW          272    .bss.Timebase       timebase.o
    0x20000228        -       0x000002b4   Zero   RW          271    .bss.Timebase_type  timebase.o
    0x200004dc   0x08002564   0x00000004   PAD
    0x200004e0        -       0x00000200   Zero   RW          832    HEAP                startup_stm32g030xx.o
    0x200006e0        -       0x00000400   Zero   RW          831    STACK               startup_stm32g030xx.o


==============================================================================

Image component sizes


      Code (inc. data)   RO Data    RW Data    ZI Data      Debug   Object Name

        70          0          0          0          0        498   app.o
       772         52          0          2         32       6527   captouch.o
       762         52          0          0        141      13512   debug.o
         4          0          0          0          0        543   diag.o
       892         68          0          0         90      17299   dispcom.o
       936         60          0          0          5       4796   dispfnc.o
       456         12          0          0        136       5283   display.o
        10          0          0          0          0        398   main.o
        56         26        192          0       1536        716   startup_stm32g030xx.o
         2          0          0          0          0       2009   system_stm32g0xx.o
      1316         44          0          0        696      28872   timebase.o
       982         28          0         23         10      11339   tm1650.o

    ----------------------------------------------------------------------
      6276        342        224         28       2656      91792   Object Totals
         0          0         32          0          0          0   (incl. Generated)
        18          0          0          3         10          0   (incl. Padding)

    ----------------------------------------------------------------------

      Code (inc. data)   RO Data    RW Data    ZI Data      Debug   Library Member Name

         8          0          0          0          0         68   __main.o
         0          0          0          0          0          0   __rtentry.o
        12          0          0          0          0          0   __rtentry2.o
         6          0          0          0          0          0   __rtentry4.o
        60          8          0          0          0          0   __scatter.o
        26          0          0          0          0          0   __scatter_copy.o
        28          0          0          0          0          0   __scatter_zi.o
       346          0          0          0          0         92   aeabi_sdiv.o
        16          0          0          0          0         68   exit.o
         6          0          0          0          0        136   heapauxi.o
         0          0          0          0          0          0   indicate_semi.o
         2          0          0          0          0          0   libinit.o
         2          0          0          0          0          0   libinit2.o
         2          0          0          0          0          0   libshutdown.o
         2          0          0          0          0          0   libshutdown2.o
         8          4          0          0         96         68   libspace.o
        64          0          0          0          0        108   rt_memclr.o
         2          0          0          0          0          0   rtexit.o
        10          0          0          0          0          0   rtexit2.o
        12          4          0          0          0         60   sys_exit.o
        62          0          0          0          0         80   sys_stackheap_outer.o
         2          0          0          0          0         68   use_no_semi.o
        46          0          0          0          0         60   cmpret.o
        44          0          0          0          0        136   dcmp.o
       160          6          0          0          0         76   dcmpin.o
      1096         26        128          0          0        112   ddiv.o
        88          0          0          0          0         92   dflti.o
       100          4          0          0          0         92   dgef.o
       584         26          0          0          0         84   dmul.o
        20          6          0          0          0         68   dnan2.o
        94          0          0          0          0         68   retnan.o
         0          0          0          0          0          0   usenofp.o

    ----------------------------------------------------------------------
      2916         84        128          0         96       1536   Library Totals
         8          0          0          0          0          0   (incl. Padding)

    ----------------------------------------------------------------------

      Code (inc. data)   RO Data    RW Data    ZI Data      Debug   Library Name

       676         16          0          0         96        748   c_p.l
      2232         68        128          0          0        788   fz_ps.l

    ----------------------------------------------------------------------
      2916         84        128          0         96       1536   Library Totals

    ----------------------------------------------------------------------

==============================================================================


      Code (inc. data)   RO Data    RW Data    ZI Data      Debug   

      9192        426        352         28       2752      92532   Grand Totals
      9192        426        352         28       2752      92532   ELF Image Totals
      9192        426        352         28          0          0   ROM Totals

==============================================================================

    Total RO  Size (Code + RO Data)                 9544 (   9.32kB)
    Total RW  Size (RW Data + ZI Data)              2780 (   2.71kB)
    Total ROM Size (Code + RO Data + RW Data)       9572 (   9.35kB)

==============================================================================

